<html>
<body>
<pre>
<h1>µVision Build Log</h1>
<h2>Tool Versions:</h2>
IDE-Version: µVision V5.41.0.0
Copyright (C) 2024 ARM Ltd and ARM Germany GmbH. All rights reserved.
License Information: Andrew Choi
Arm
User-based license: Hardware Success Kit (Early Access)
Valid until: Apr 22 2099. Cached until: Jul 21 2025
 
Tool Versions:
Toolchain:       Hardware Success Kit (Early Access)  Version: 5.41.0.0
Toolchain Path:  C:\Users\jaecho01\AppData\Local\Keil_v5\ARM\ARMCLANG\Bin
C Compiler:      ArmClang.exe V6.22
Assembler:       Armasm.exe V6.22
Linker/Locator:  ArmLink.exe V6.22
Library Manager: ArmAr.exe V6.22
Hex Converter:   FromElf.exe V6.22
CPU DLL:         SARMCM3.DLL V5.41.0.0
Dialog DLL:      DCM.DLL V1.17.5.0
Target DLL:      STLink\ST-LINKIII-KEIL_SWO.dll V3.3.0.0
Dialog DLL:      TCM.DLL V1.56.4.0
 
<h2>Project:</h2>
C:\Users\jaecho01\OneDrive - Arm\Documents\Digital-Signal-Processing-Labs\Lab02_SamplingAliasingAndReconstruction\Projects\STM32746G-Discovery\Lab04_PRBS\MDK-ARM\Project.uvprojx
Project File Date:  07/14/2025

<h2>Output:</h2>
*** Using Compiler 'V6.22', folder: 'C:\Users\jaecho01\AppData\Local\Keil_v5\ARM\ARMCLANG\Bin'
Rebuild target 'STM32746G_Discovery_AXIM-FLASH'
assembling startup_stm32f746xx.s...
compiling ov9655.c...
compiling wm8994.c...
compiling ft5336.c...
compiling stm32f7xx_hal_crc_ex.c...
compiling stm32f7xx_hal_cryp_ex.c...
compiling stm32f7xx_hal_adc_ex.c...
compiling stm32f7xx_hal_i2s.c...
compiling stm32f7xx_hal_qspi.c...
compiling stm32f7xx_hal_adc.c...
compiling stm32f7xx_hal_sd.c...
compiling stm32f7xx_hal_exti.c...
compiling stm32f7xx_hal_eth.c...
compiling stm32f7xx_hal_nand.c...
compiling stm32f7xx_hal_gpio.c...
compiling stm32f7xx_hal_wwdg.c...
compiling stm32f7xx_hal_irda.c...
compiling stm32f7xx_hal_dcmi.c...
compiling stm32f7xx_hal_smartcard_ex.c...
compiling stm32f7xx_hal_cec.c...
compiling stm32f7xx_hal_dma_ex.c...
compiling stm32f7xx_hal_dma.c...
compiling stm32f7xx_hal_nor.c...
compiling stm32f7xx_hal_rng.c...
compiling stm32f7xx_hal_sdram.c...
compiling stm32f7xx_hal_dma2d.c...
compiling stm32f7xx_hal_spdifrx.c...
compiling stm32f7xx_hal_rtc_ex.c...
compiling stm32f7xx_hal_spi.c...
compiling stm32f7xx_hal_sai.c...
compiling stm32f7xx_ll_sdmmc.c...
compiling stm32f7xx_hal_hash_ex.c...
compiling stm32f7xx_hal_flash_ex.c...
compiling stm32f7xx_hal_dac.c...
compiling stm32f7xx_hal_i2c_ex.c...
compiling stm32f7xx_ll_fmc.c...
compiling stm32f7xx_hal_dac_ex.c...
compiling stm32f7xx_hal_sram.c...
compiling stm32f7xx_hal_pwr_ex.c...
compiling stm32f7xx_hal_crc.c...
compiling stm32f7xx_hal_rtc.c...
compiling stm32f7xx_hal.c...
compiling stm32f7xx_hal_uart.c...
compiling stm32f7xx_hal_sai_ex.c...
compiling stm32f7xx_hal_ltdc.c...
compiling stm32f7xx_hal_hash.c...
compiling stm32f7xx_hal_cryp.c...
compiling stm32f7xx_hal_i2c.c...
compiling stm32f7xx_hal_iwdg.c...
compiling stm32f7xx_hal_flash.c...
compiling stm32f7xx_hal_tim_ex.c...
compiling stm32f7xx_hal_smartcard.c...
compiling stm32f7xx_hal_pcd.c...
compiling stm32f7xx_hal_cortex.c...
compiling stm32f7xx_hal_hcd.c...
compiling stm32f7xx_hal_can.c...
compiling stm32f7xx_hal_pwr.c...
compiling stm32f7xx_ll_usb.c...
compiling stm32f7xx_hal_pcd_ex.c...
compiling stm32f7xx_hal_rcc.c...
compiling stm32f7xx_hal_rcc_ex.c...
compiling stm32f7_prbs.c...
compiling stm32f7xx_hal_usart.c...
compiling stm32f7xx_hal_lptim.c...
compiling stm32f7xx_hal_tim.c...
compiling stm32746g_discovery.c...
compiling system_stm32f7xx.c...
compiling stm32746g_discovery_ts.c...
../Src/stm32f7_prbs_DMA.c(57): warning: implicit conversion from 'int' to 'int16_t' (aka 'short') changes value from 48000 to -17536 [-Wconstant-conversion]
   57 |         stm32f7_LCD_init(AUDIO_FREQ, SOURCE_FILE_NAME, GRAPH);
      |         ~~~~~~~~~~~~~~~~ ^~~~~~~~~~
../Src/stm32f7_prbs_DMA.c(9): note: expanded from macro 'AUDIO_FREQ'
    9 | #define AUDIO_FREQ      48000
      |                         ^~~~~
1 warning generated.
compiling stm32f7_prbs_DMA.c...
compiling stm32f7xx_it.c...
compiling stm32746g_discovery_sdram.c...
compiling stm32f7_display.c...
compiling stm32746g_discovery_qspi.c...
compiling stm32746g_discovery_audio.c...
compiling BasicMathFunctionsF16.c...
compiling stm32746g_discovery_lcd.c...
compiling BayesFunctions.c...
compiling BayesFunctionsF16.c...
compiling stm32746g_discovery_camera.c...
compiling BasicMathFunctions.c...
compiling ComplexMathFunctionsF16.c...
compiling ComplexMathFunctions.c...
compiling ControllerFunctions.c...
compiling DistanceFunctionsF16.c...
compiling DistanceFunctions.c...
compiling CommonTablesF16.c...
compiling FastMathFunctionsF16.c...
compiling stm32746g_discovery_eeprom.c...
compiling InterpolationFunctionsF16.c...
compiling FastMathFunctions.c...
compiling FilteringFunctionsF16.c...
compiling InterpolationFunctions.c...
compiling SVMFunctions.c...
compiling CommonTables.c...
compiling QuaternionMathFunctions.c...
compiling SVMFunctionsF16.c...
compiling MatrixFunctionsF16.c...
compiling StatisticsFunctionsF16.c...
compiling SupportFunctionsF16.c...
compiling SupportFunctions.c...
compiling WindowFunctions.c...
compiling StatisticsFunctions.c...
compiling MatrixFunctions.c...
compiling TransformFunctionsF16.c...
compiling TransformFunctions.c...
compiling FilteringFunctions.c...
linking...
Program Size: Code=21460 RO-data=152280 RW-data=104 ZI-data=3128  
"STM32746G_Discovery_AXIM-FLASH\STM32746G_Discovery_AXIM-FLASH.axf" - 0 Error(s), 1 Warning(s).

<h2>Software Packages used:</h2>

Package Vendor: ARM
                https://www.keil.com/pack/ARM.CMSIS.6.1.0.pack
                ARM::CMSIS@6.1.0
                CMSIS (Common Microcontroller Software Interface Standard)
   * Component: CORE Version: 6.1.0

Package Vendor: ARM
                https://www.keil.com/pack/ARM.CMSIS-DSP.1.16.2.pack
                ARM::CMSIS-DSP@1.16.2
                CMSIS Embedded Compute Library
   * Component: DSP Variant: Source Version: 1.16.2

Package Vendor: Keil
                https://www.keil.com/pack/Keil.STM32F7xx_DFP.3.0.0.pack
                Keil::STM32F7xx_DFP@3.0.0
                STMicroelectronics STM32F7 Series Device Support

<h2>Collection of Component include folders:</h2>
  ./RTE/_STM32746G_Discovery_AXIM-FLASH
  C:/Users/jaecho01/AppData/Local/arm/packs/ARM/CMSIS-DSP/1.16.2/Include
  C:/Users/jaecho01/AppData/Local/arm/packs/ARM/CMSIS-DSP/1.16.2/PrivateInclude
  C:/Users/jaecho01/AppData/Local/arm/packs/ARM/CMSIS/6.1.0/CMSIS/Core/Include

<h2>Collection of Component Files used:</h2>

   * Component: ARM::CMSIS:CORE@6.1.0

   * Component: ARM::CMSIS:DSP&Source@1.16.2
      Source file:   Source/MatrixFunctions/MatrixFunctions.c
      Source file:   Source/FastMathFunctions/FastMathFunctionsF16.c
      Source file:   Source/InterpolationFunctions/InterpolationFunctions.c
      Source file:   Source/ControllerFunctions/ControllerFunctions.c
      Source file:   Source/ComplexMathFunctions/ComplexMathFunctionsF16.c
      Source file:   Source/TransformFunctions/TransformFunctionsF16.c
      Source file:   Source/ComplexMathFunctions/ComplexMathFunctions.c
      Source file:   Source/FastMathFunctions/FastMathFunctions.c
      Source file:   Source/StatisticsFunctions/StatisticsFunctions.c
      Source file:   Source/StatisticsFunctions/StatisticsFunctionsF16.c
      Source file:   Source/DistanceFunctions/DistanceFunctions.c
      Source file:   Source/FilteringFunctions/FilteringFunctionsF16.c
      Source file:   Source/DistanceFunctions/DistanceFunctionsF16.c
      Source file:   Source/SVMFunctions/SVMFunctionsF16.c
      Source file:   Source/SupportFunctions/SupportFunctions.c
      Source file:   Source/BasicMathFunctions/BasicMathFunctionsF16.c
      Source file:   Source/CommonTables/CommonTablesF16.c
      Source file:   Source/FilteringFunctions/FilteringFunctions.c
      Source file:   Source/TransformFunctions/TransformFunctions.c
      Source file:   Source/InterpolationFunctions/InterpolationFunctionsF16.c
      Source file:   Source/SVMFunctions/SVMFunctions.c
      Source file:   Source/WindowFunctions/WindowFunctions.c
      Source file:   Source/SupportFunctions/SupportFunctionsF16.c
      Source file:   Source/MatrixFunctions/MatrixFunctionsF16.c
      Source file:   Source/BayesFunctions/BayesFunctionsF16.c
      Include file:  Include/arm_math.h
      Include file:  Include/arm_common_tables.h
      Include file:  Include/arm_math_f16.h
      Include file:  Include/arm_common_tables_f16.h
      Source file:   Source/CommonTables/CommonTables.c
      Include file:  Include/arm_const_structs.h
      Include file:  Include/arm_const_structs_f16.h
      Source file:   Source/QuaternionMathFunctions/QuaternionMathFunctions.c
      Source file:   Source/BasicMathFunctions/BasicMathFunctions.c
      Source file:   Source/BayesFunctions/BayesFunctions.c
Build Time Elapsed:  00:00:16
</pre>
</body>
</html>
