Component: Arm Compiler for Embedded 6.22 Tool: armlink [5ee90200]

==============================================================================

Section Cross References

    ov9655.o(.text.ov9655_Init) refers to stm32746g_discovery.o(.text.CAMERA_IO_Init) for CAMERA_IO_Init
    ov9655.o(.text.ov9655_Init) refers to stm32746g_discovery.o(.text.CAMERA_IO_Write) for CAMERA_IO_Write
    ov9655.o(.text.ov9655_Init) refers to stm32746g_discovery.o(.text.CAMERA_Delay) for CAMERA_Delay
    ov9655.o(.text.ov9655_Init) refers to ov9655.o(.rodata.OV9655_QQVGA) for OV9655_QQVGA
    ov9655.o(.text.ov9655_Init) refers to ov9655.o(.rodata.OV9655_QVGA) for OV9655_QVGA
    ov9655.o(.text.ov9655_Init) refers to ov9655.o(.rodata.OV9655_VGA) for OV9655_VGA
    ov9655.o(.ARM.exidx.text.ov9655_Init) refers to ov9655.o(.text.ov9655_Init) for [Anonymous Symbol]
    ov9655.o(.text.ov9655_ReadID) refers to stm32746g_discovery.o(.text.CAMERA_IO_Init) for CAMERA_IO_Init
    ov9655.o(.text.ov9655_ReadID) refers to stm32746g_discovery.o(.text.CAMERA_IO_Read) for CAMERA_IO_Read
    ov9655.o(.ARM.exidx.text.ov9655_ReadID) refers to ov9655.o(.text.ov9655_ReadID) for [Anonymous Symbol]
    ov9655.o(.text.ov9655_Config) refers to ov9655.o(.text.ov9655_ConvertValue) for ov9655_ConvertValue
    ov9655.o(.text.ov9655_Config) refers to stm32746g_discovery.o(.text.CAMERA_IO_Write) for CAMERA_IO_Write
    ov9655.o(.ARM.exidx.text.ov9655_Config) refers to ov9655.o(.text.ov9655_Config) for [Anonymous Symbol]
    ov9655.o(.ARM.exidx.text.ov9655_ConvertValue) refers to ov9655.o(.text.ov9655_ConvertValue) for [Anonymous Symbol]
    ov9655.o(.data.ov9655_drv) refers to ov9655.o(.text.ov9655_Init) for ov9655_Init
    ov9655.o(.data.ov9655_drv) refers to ov9655.o(.text.ov9655_ReadID) for ov9655_ReadID
    ov9655.o(.data.ov9655_drv) refers to ov9655.o(.text.ov9655_Config) for ov9655_Config
    ft5336.o(.text.ft5336_Init) refers to stm32746g_discovery.o(.text.TS_IO_Delay) for TS_IO_Delay
    ft5336.o(.text.ft5336_Init) refers to ft5336.o(.text.ft5336_I2C_InitializeIfRequired) for ft5336_I2C_InitializeIfRequired
    ft5336.o(.ARM.exidx.text.ft5336_Init) refers to ft5336.o(.text.ft5336_Init) for [Anonymous Symbol]
    ft5336.o(.text.ft5336_ReadID) refers to ft5336.o(.text.ft5336_I2C_InitializeIfRequired) for ft5336_I2C_InitializeIfRequired
    ft5336.o(.text.ft5336_ReadID) refers to stm32746g_discovery.o(.text.TS_IO_Read) for TS_IO_Read
    ft5336.o(.ARM.exidx.text.ft5336_ReadID) refers to ft5336.o(.text.ft5336_ReadID) for [Anonymous Symbol]
    ft5336.o(.ARM.exidx.text.ft5336_Reset) refers to ft5336.o(.text.ft5336_Reset) for [Anonymous Symbol]
    ft5336.o(.text.ft5336_TS_Start) refers to ft5336.o(.text.ft5336_TS_Configure) for ft5336_TS_Configure
    ft5336.o(.text.ft5336_TS_Start) refers to ft5336.o(.text.ft5336_TS_DisableIT) for ft5336_TS_DisableIT
    ft5336.o(.ARM.exidx.text.ft5336_TS_Start) refers to ft5336.o(.text.ft5336_TS_Start) for [Anonymous Symbol]
    ft5336.o(.text.ft5336_TS_DetectTouch) refers to stm32746g_discovery.o(.text.TS_IO_Read) for TS_IO_Read
    ft5336.o(.text.ft5336_TS_DetectTouch) refers to ft5336.o(.bss.ft5336_handle) for ft5336_handle
    ft5336.o(.ARM.exidx.text.ft5336_TS_DetectTouch) refers to ft5336.o(.text.ft5336_TS_DetectTouch) for [Anonymous Symbol]
    ft5336.o(.text.ft5336_TS_GetXY) refers to ft5336.o(.bss.ft5336_handle) for ft5336_handle
    ft5336.o(.text.ft5336_TS_GetXY) refers to stm32746g_discovery.o(.text.TS_IO_Read) for TS_IO_Read
    ft5336.o(.text.ft5336_TS_GetXY) refers to ft5336.o(.bss.ft5336_TS_GetXY.coord) for ft5336_TS_GetXY.coord
    ft5336.o(.ARM.exidx.text.ft5336_TS_GetXY) refers to ft5336.o(.text.ft5336_TS_GetXY) for [Anonymous Symbol]
    ft5336.o(.text.ft5336_TS_EnableIT) refers to stm32746g_discovery.o(.text.TS_IO_Write) for TS_IO_Write
    ft5336.o(.ARM.exidx.text.ft5336_TS_EnableIT) refers to ft5336.o(.text.ft5336_TS_EnableIT) for [Anonymous Symbol]
    ft5336.o(.ARM.exidx.text.ft5336_TS_ClearIT) refers to ft5336.o(.text.ft5336_TS_ClearIT) for [Anonymous Symbol]
    ft5336.o(.ARM.exidx.text.ft5336_TS_ITStatus) refers to ft5336.o(.text.ft5336_TS_ITStatus) for [Anonymous Symbol]
    ft5336.o(.text.ft5336_TS_DisableIT) refers to stm32746g_discovery.o(.text.TS_IO_Write) for TS_IO_Write
    ft5336.o(.ARM.exidx.text.ft5336_TS_DisableIT) refers to ft5336.o(.text.ft5336_TS_DisableIT) for [Anonymous Symbol]
    ft5336.o(.text.ft5336_I2C_InitializeIfRequired) refers to ft5336.o(.text.ft5336_Get_I2C_InitializedStatus) for ft5336_Get_I2C_InitializedStatus
    ft5336.o(.text.ft5336_I2C_InitializeIfRequired) refers to stm32746g_discovery.o(.text.TS_IO_Init) for TS_IO_Init
    ft5336.o(.text.ft5336_I2C_InitializeIfRequired) refers to ft5336.o(.bss.ft5336_handle) for ft5336_handle
    ft5336.o(.ARM.exidx.text.ft5336_I2C_InitializeIfRequired) refers to ft5336.o(.text.ft5336_I2C_InitializeIfRequired) for [Anonymous Symbol]
[...]
    Removing stm32f7xx_hal_lptim.o(.text.HAL_LPTIM_OnePulse_Stop), (64 bytes).
    Removing stm32f7xx_hal_lptim.o(.ARM.exidx.text.HAL_LPTIM_OnePulse_Stop), (8 bytes).
    Removing stm32f7xx_hal_lptim.o(.text.HAL_LPTIM_OnePulse_Start_IT), (264 bytes).
    Removing stm32f7xx_hal_lptim.o(.ARM.exidx.text.HAL_LPTIM_OnePulse_Start_IT), (8 bytes).
    Removing stm32f7xx_hal_lptim.o(.text.HAL_LPTIM_OnePulse_Stop_IT), (140 bytes).
    Removing stm32f7xx_hal_lptim.o(.ARM.exidx.text.HAL_LPTIM_OnePulse_Stop_IT), (8 bytes).
    Removing stm32f7xx_hal_lptim.o(.text.HAL_LPTIM_SetOnce_Start), (150 bytes).
    Removing stm32f7xx_hal_lptim.o(.ARM.exidx.text.HAL_LPTIM_SetOnce_Start), (8 bytes).
    Removing stm32f7xx_hal_lptim.o(.text.HAL_LPTIM_SetOnce_Stop), (64 bytes).
    Removing stm32f7xx_hal_lptim.o(.ARM.exidx.text.HAL_LPTIM_SetOnce_Stop), (8 bytes).
    Removing stm32f7xx_hal_lptim.o(.text.HAL_LPTIM_SetOnce_Start_IT), (264 bytes).
    Removing stm32f7xx_hal_lptim.o(.ARM.exidx.text.HAL_LPTIM_SetOnce_Start_IT), (8 bytes).
    Removing stm32f7xx_hal_lptim.o(.text.HAL_LPTIM_SetOnce_Stop_IT), (140 bytes).
    Removing stm32f7xx_hal_lptim.o(.ARM.exidx.text.HAL_LPTIM_SetOnce_Stop_IT), (8 bytes).
    Removing stm32f7xx_hal_lptim.o(.text.HAL_LPTIM_Encoder_Start), (146 bytes).
    Removing stm32f7xx_hal_lptim.o(.ARM.exidx.text.HAL_LPTIM_Encoder_Start), (8 bytes).
    Removing stm32f7xx_hal_lptim.o(.text.HAL_LPTIM_Encoder_Stop), (76 bytes).
    Removing stm32f7xx_hal_lptim.o(.ARM.exidx.text.HAL_LPTIM_Encoder_Stop), (8 bytes).
    Removing stm32f7xx_hal_lptim.o(.text.HAL_LPTIM_Encoder_Start_IT), (208 bytes).
    Removing stm32f7xx_hal_lptim.o(.ARM.exidx.text.HAL_LPTIM_Encoder_Start_IT), (8 bytes).
    Removing stm32f7xx_hal_lptim.o(.text.HAL_LPTIM_Encoder_Stop_IT), (100 bytes).
    Removing stm32f7xx_hal_lptim.o(.ARM.exidx.text.HAL_LPTIM_Encoder_Stop_IT), (8 bytes).
    Removing stm32f7xx_hal_lptim.o(.text.HAL_LPTIM_TimeOut_Start), (150 bytes).
    Removing stm32f7xx_hal_lptim.o(.ARM.exidx.text.HAL_LPTIM_TimeOut_Start), (8 bytes).
    Removing stm32f7xx_hal_lptim.o(.text.HAL_LPTIM_TimeOut_Stop), (76 bytes).
    Removing stm32f7xx_hal_lptim.o(.ARM.exidx.text.HAL_LPTIM_TimeOut_Stop), (8 bytes).
    Removing stm32f7xx_hal_lptim.o(.text.HAL_LPTIM_TimeOut_Start_IT), (232 bytes).
    Removing stm32f7xx_hal_lptim.o(.ARM.exidx.text.HAL_LPTIM_TimeOut_Start_IT), (8 bytes).
    Removing stm32f7xx_hal_lptim.o(.text.HAL_LPTIM_TimeOut_Stop_IT), (120 bytes).
    Removing stm32f7xx_hal_lptim.o(.ARM.exidx.text.HAL_LPTIM_TimeOut_Stop_IT), (8 bytes).
    Removing stm32f7xx_hal_lptim.o(.text.HAL_LPTIM_Counter_Start), (136 bytes).
    Removing stm32f7xx_hal_lptim.o(.ARM.exidx.text.HAL_LPTIM_Counter_Start), (8 bytes).
    Removing stm32f7xx_hal_lptim.o(.text.HAL_LPTIM_Counter_Stop), (64 bytes).
    Removing stm32f7xx_hal_lptim.o(.ARM.exidx.text.HAL_LPTIM_Counter_Stop), (8 bytes).
    Removing stm32f7xx_hal_lptim.o(.text.HAL_LPTIM_Counter_Start_IT), (230 bytes).
    Removing stm32f7xx_hal_lptim.o(.ARM.exidx.text.HAL_LPTIM_Counter_Start_IT), (8 bytes).
    Removing stm32f7xx_hal_lptim.o(.text.HAL_LPTIM_Counter_Stop_IT), (120 bytes).
    Removing stm32f7xx_hal_lptim.o(.ARM.exidx.text.HAL_LPTIM_Counter_Stop_IT), (8 bytes).
    Removing stm32f7xx_hal_lptim.o(.text.HAL_LPTIM_ReadCounter), (14 bytes).
    Removing stm32f7xx_hal_lptim.o(.ARM.exidx.text.HAL_LPTIM_ReadCounter), (8 bytes).
    Removing stm32f7xx_hal_lptim.o(.text.HAL_LPTIM_ReadAutoReload), (14 bytes).
    Removing stm32f7xx_hal_lptim.o(.ARM.exidx.text.HAL_LPTIM_ReadAutoReload), (8 bytes).
    Removing stm32f7xx_hal_lptim.o(.text.HAL_LPTIM_ReadCapturedValue), (14 bytes).
    Removing stm32f7xx_hal_lptim.o(.ARM.exidx.text.HAL_LPTIM_ReadCapturedValue), (8 bytes).
    Removing stm32f7xx_hal_lptim.o(.text.HAL_LPTIM_IRQHandler), (414 bytes).
    Removing stm32f7xx_hal_lptim.o(.ARM.exidx.text.HAL_LPTIM_IRQHandler), (8 bytes).
    Removing stm32f7xx_hal_lptim.o(.text.HAL_LPTIM_CompareMatchCallback), (8 bytes).
    Removing stm32f7xx_hal_lptim.o(.ARM.exidx.text.HAL_LPTIM_CompareMatchCallback), (8 bytes).
    Removing stm32f7xx_hal_lptim.o(.text.HAL_LPTIM_AutoReloadMatchCallback), (8 bytes).
    Removing stm32f7xx_hal_lptim.o(.ARM.exidx.text.HAL_LPTIM_AutoReloadMatchCallback), (8 bytes).
    Removing stm32f7xx_hal_lptim.o(.text.HAL_LPTIM_TriggerCallback), (8 bytes).
    Removing stm32f7xx_hal_lptim.o(.ARM.exidx.text.HAL_LPTIM_TriggerCallback), (8 bytes).
    Removing stm32f7xx_hal_lptim.o(.text.HAL_LPTIM_CompareWriteCallback), (8 bytes).
    Removing stm32f7xx_hal_lptim.o(.ARM.exidx.text.HAL_LPTIM_CompareWriteCallback), (8 bytes).
    Removing stm32f7xx_hal_lptim.o(.text.HAL_LPTIM_AutoReloadWriteCallback), (8 bytes).
    Removing stm32f7xx_hal_lptim.o(.ARM.exidx.text.HAL_LPTIM_AutoReloadWriteCallback), (8 bytes).
    Removing stm32f7xx_hal_lptim.o(.text.HAL_LPTIM_DirectionUpCallback), (8 bytes).
    Removing stm32f7xx_hal_lptim.o(.ARM.exidx.text.HAL_LPTIM_DirectionUpCallback), (8 bytes).
    Removing stm32f7xx_hal_lptim.o(.text.HAL_LPTIM_DirectionDownCallback), (8 bytes).
    Removing stm32f7xx_hal_lptim.o(.ARM.exidx.text.HAL_LPTIM_DirectionDownCallback), (8 bytes).
    Removing stm32f7xx_it.o(.text), (0 bytes).
    Removing stm32f7xx_it.o(.ARM.exidx.text.NMI_Handler), (8 bytes).
    Removing stm32f7xx_it.o(.ARM.exidx.text.HardFault_Handler), (8 bytes).
    Removing stm32f7xx_it.o(.ARM.exidx.text.MemManage_Handler), (8 bytes).
    Removing stm32f7xx_it.o(.ARM.exidx.text.BusFault_Handler), (8 bytes).
    Removing stm32f7xx_it.o(.ARM.exidx.text.UsageFault_Handler), (8 bytes).
    Removing stm32f7xx_it.o(.ARM.exidx.text.SVC_Handler), (8 bytes).
    Removing stm32f7xx_it.o(.ARM.exidx.text.DebugMon_Handler), (8 bytes).
    Removing stm32f7xx_it.o(.ARM.exidx.text.PendSV_Handler), (8 bytes).
    Removing stm32f7xx_it.o(.ARM.exidx.text.SysTick_Handler), (8 bytes).
    Removing main.o(.text), (0 bytes).
    Removing main.o(.ARM.exidx.text.main), (8 bytes).
    Removing main.o(.ARM.exidx.text.MPU_Config), (8 bytes).
    Removing main.o(.ARM.exidx.text.CPU_CACHE_Enable), (8 bytes).
    Removing main.o(.ARM.exidx.text.SystemClock_Config), (8 bytes).
    Removing main.o(.ARM.exidx.text.Error_Handler), (8 bytes).
    Removing main.o(.ARM.use_no_argv), (4 bytes).
    Removing system_stm32f7xx.o(.text), (0 bytes).
    Removing system_stm32f7xx.o(.ARM.exidx.text.SystemInit), (8 bytes).
    Removing system_stm32f7xx.o(.text.SystemCoreClockUpdate), (302 bytes).
    Removing system_stm32f7xx.o(.ARM.exidx.text.SystemCoreClockUpdate), (8 bytes).
    Removing system_stm32f7xx.o(.rodata.APBPrescTable), (8 bytes).
    Removing stm32746g_discovery_ts.o(.text), (0 bytes).
    Removing stm32746g_discovery_ts.o(.text.BSP_TS_Init), (146 bytes).
    Removing stm32746g_discovery_ts.o(.ARM.exidx.text.BSP_TS_Init), (8 bytes).
    Removing stm32746g_discovery_ts.o(.text.BSP_TS_DeInit), (4 bytes).
    Removing stm32746g_discovery_ts.o(.ARM.exidx.text.BSP_TS_DeInit), (8 bytes).
    Removing stm32746g_discovery_ts.o(.text.BSP_TS_ITConfig), (88 bytes).
    Removing stm32746g_discovery_ts.o(.ARM.exidx.text.BSP_TS_ITConfig), (8 bytes).
    Removing stm32746g_discovery_ts.o(.text.BSP_TS_ITGetStatus), (28 bytes).
    Removing stm32746g_discovery_ts.o(.ARM.exidx.text.BSP_TS_ITGetStatus), (8 bytes).
    Removing stm32746g_discovery_ts.o(.text.BSP_TS_GetState), (814 bytes).
    Removing stm32746g_discovery_ts.o(.ARM.exidx.text.BSP_TS_GetState), (8 bytes).
    Removing stm32746g_discovery_ts.o(.text.BSP_TS_Get_GestureId), (158 bytes).
    Removing stm32746g_discovery_ts.o(.ARM.exidx.text.BSP_TS_Get_GestureId), (8 bytes).
    Removing stm32746g_discovery_ts.o(.text.BSP_TS_ITClear), (28 bytes).
    Removing stm32746g_discovery_ts.o(.ARM.exidx.text.BSP_TS_ITClear), (8 bytes).
    Removing stm32746g_discovery_ts.o(.text.BSP_TS_ResetTouchData), (112 bytes).
    Removing stm32746g_discovery_ts.o(.ARM.exidx.text.BSP_TS_ResetTouchData), (8 bytes).
    Removing stm32746g_discovery_ts.o(.bss.tsXBoundary), (2 bytes).
    Removing stm32746g_discovery_ts.o(.bss.tsYBoundary), (2 bytes).
    Removing stm32746g_discovery_ts.o(.bss.tsDriver), (4 bytes).
    Removing stm32746g_discovery_ts.o(.bss.I2cAddress), (1 bytes).
    Removing stm32746g_discovery_ts.o(.bss.tsOrientation), (1 bytes).
    Removing stm32746g_discovery_ts.o(.bss.BSP_TS_GetState._x), (20 bytes).
    Removing stm32746g_discovery_ts.o(.bss.BSP_TS_GetState._y), (20 bytes).
    Removing stm32746g_discovery_lcd.o(.text), (0 bytes).
    Removing stm32746g_discovery_lcd.o(.text.BSP_LCD_Init), (202 bytes).
    Removing stm32746g_discovery_lcd.o(.ARM.exidx.text.BSP_LCD_Init), (8 bytes).
    Removing stm32746g_discovery_lcd.o(.text.BSP_LCD_ClockConfig), (42 bytes).
    Removing stm32746g_discovery_lcd.o(.ARM.exidx.text.BSP_LCD_ClockConfig), (8 bytes).
    Removing stm32746g_discovery_lcd.o(.text.BSP_LCD_MspInit), (470 bytes).
    Removing stm32746g_discovery_lcd.o(.ARM.exidx.text.BSP_LCD_MspInit), (8 bytes).
    Removing stm32746g_discovery_lcd.o(.text.BSP_LCD_SetFont), (38 bytes).
    Removing stm32746g_discovery_lcd.o(.ARM.exidx.text.BSP_LCD_SetFont), (8 bytes).
    Removing stm32746g_discovery_lcd.o(.text.BSP_LCD_DeInit), (54 bytes).
    Removing stm32746g_discovery_lcd.o(.ARM.exidx.text.BSP_LCD_DeInit), (8 bytes).
    Removing stm32746g_discovery_lcd.o(.text.BSP_LCD_MspDeInit), (136 bytes).
    Removing stm32746g_discovery_lcd.o(.ARM.exidx.text.BSP_LCD_MspDeInit), (8 bytes).
    Removing stm32746g_discovery_lcd.o(.text.BSP_LCD_GetXSize), (28 bytes).
    Removing stm32746g_discovery_lcd.o(.ARM.exidx.text.BSP_LCD_GetXSize), (8 bytes).
    Removing stm32746g_discovery_lcd.o(.text.BSP_LCD_GetYSize), (28 bytes).
    Removing stm32746g_discovery_lcd.o(.ARM.exidx.text.BSP_LCD_GetYSize), (8 bytes).
    Removing stm32746g_discovery_lcd.o(.text.BSP_LCD_SetXSize), (36 bytes).
    Removing stm32746g_discovery_lcd.o(.ARM.exidx.text.BSP_LCD_SetXSize), (8 bytes).
    Removing stm32746g_discovery_lcd.o(.text.BSP_LCD_SetYSize), (36 bytes).
    Removing stm32746g_discovery_lcd.o(.ARM.exidx.text.BSP_LCD_SetYSize), (8 bytes).
    Removing stm32746g_discovery_lcd.o(.text.BSP_LCD_LayerDefaultInit), (170 bytes).
    Removing stm32746g_discovery_lcd.o(.ARM.exidx.text.BSP_LCD_LayerDefaultInit), (8 bytes).
    Removing stm32746g_discovery_lcd.o(.text.BSP_LCD_LayerRgb565Init), (172 bytes).
    Removing stm32746g_discovery_lcd.o(.ARM.exidx.text.BSP_LCD_LayerRgb565Init), (8 bytes).
    Removing stm32746g_discovery_lcd.o(.text.BSP_LCD_SelectLayer), (20 bytes).
    Removing stm32746g_discovery_lcd.o(.ARM.exidx.text.BSP_LCD_SelectLayer), (8 bytes).
    Removing stm32746g_discovery_lcd.o(.text.BSP_LCD_SetLayerVisible), (100 bytes).
    Removing stm32746g_discovery_lcd.o(.ARM.exidx.text.BSP_LCD_SetLayerVisible), (8 bytes).
    Removing stm32746g_discovery_lcd.o(.text.BSP_LCD_SetLayerVisible_NoReload), (82 bytes).
    Removing stm32746g_discovery_lcd.o(.ARM.exidx.text.BSP_LCD_SetLayerVisible_NoReload), (8 bytes).
    Removing stm32746g_discovery_lcd.o(.text.BSP_LCD_SetTransparency), (32 bytes).
    Removing stm32746g_discovery_lcd.o(.ARM.exidx.text.BSP_LCD_SetTransparency), (8 bytes).
    Removing stm32746g_discovery_lcd.o(.text.BSP_LCD_SetTransparency_NoReload), (32 bytes).
    Removing stm32746g_discovery_lcd.o(.ARM.exidx.text.BSP_LCD_SetTransparency_NoReload), (8 bytes).
    Removing stm32746g_discovery_lcd.o(.text.BSP_LCD_SetLayerAddress), (28 bytes).
    Removing stm32746g_discovery_lcd.o(.ARM.exidx.text.BSP_LCD_SetLayerAddress), (8 bytes).
    Removing stm32746g_discovery_lcd.o(.text.BSP_LCD_SetLayerAddress_NoReload), (28 bytes).
    Removing stm32746g_discovery_lcd.o(.ARM.exidx.text.BSP_LCD_SetLayerAddress_NoReload), (8 bytes).
    Removing stm32746g_discovery_lcd.o(.text.BSP_LCD_SetLayerWindow), (76 bytes).
    Removing stm32746g_discovery_lcd.o(.ARM.exidx.text.BSP_LCD_SetLayerWindow), (8 bytes).
    Removing stm32746g_discovery_lcd.o(.text.BSP_LCD_SetLayerWindow_NoReload), (76 bytes).
    Removing stm32746g_discovery_lcd.o(.ARM.exidx.text.BSP_LCD_SetLayerWindow_NoReload), (8 bytes).
    Removing stm32746g_discovery_lcd.o(.text.BSP_LCD_SetColorKeying), (38 bytes).
    Removing stm32746g_discovery_lcd.o(.ARM.exidx.text.BSP_LCD_SetColorKeying), (8 bytes).
    Removing stm32746g_discovery_lcd.o(.text.BSP_LCD_SetColorKeying_NoReload), (38 bytes).
    Removing stm32746g_discovery_lcd.o(.ARM.exidx.text.BSP_LCD_SetColorKeying_NoReload), (8 bytes).
    Removing stm32746g_discovery_lcd.o(.text.BSP_LCD_ResetColorKeying), (24 bytes).
    Removing stm32746g_discovery_lcd.o(.ARM.exidx.text.BSP_LCD_ResetColorKeying), (8 bytes).
    Removing stm32746g_discovery_lcd.o(.text.BSP_LCD_ResetColorKeying_NoReload), (24 bytes).
    Removing stm32746g_discovery_lcd.o(.ARM.exidx.text.BSP_LCD_ResetColorKeying_NoReload), (8 bytes).
    Removing stm32746g_discovery_lcd.o(.text.BSP_LCD_Reload), (24 bytes).
    Removing stm32746g_discovery_lcd.o(.ARM.exidx.text.BSP_LCD_Reload), (8 bytes).
    Removing stm32746g_discovery_lcd.o(.text.BSP_LCD_SetTextColor), (36 bytes).
    Removing stm32746g_discovery_lcd.o(.ARM.exidx.text.BSP_LCD_SetTextColor), (8 bytes).
    Removing stm32746g_discovery_lcd.o(.text.BSP_LCD_GetTextColor), (28 bytes).
    Removing stm32746g_discovery_lcd.o(.ARM.exidx.text.BSP_LCD_GetTextColor), (8 bytes).
    Removing stm32746g_discovery_lcd.o(.text.BSP_LCD_SetBackColor), (38 bytes).
    Removing stm32746g_discovery_lcd.o(.ARM.exidx.text.BSP_LCD_SetBackColor), (8 bytes).
    Removing stm32746g_discovery_lcd.o(.text.BSP_LCD_GetBackColor), (30 bytes).
    Removing stm32746g_discovery_lcd.o(.ARM.exidx.text.BSP_LCD_GetBackColor), (8 bytes).
    Removing stm32746g_discovery_lcd.o(.text.BSP_LCD_GetFont), (30 bytes).
    Removing stm32746g_discovery_lcd.o(.ARM.exidx.text.BSP_LCD_GetFont), (8 bytes).
    Removing stm32746g_discovery_lcd.o(.text.BSP_LCD_ReadPixel), (428 bytes).
    Removing stm32746g_discovery_lcd.o(.ARM.exidx.text.BSP_LCD_ReadPixel), (8 bytes).
    Removing stm32746g_discovery_lcd.o(.text.BSP_LCD_Clear), (80 bytes).
    Removing stm32746g_discovery_lcd.o(.ARM.exidx.text.BSP_LCD_Clear), (8 bytes).
    Removing stm32746g_discovery_lcd.o(.text.LL_FillBuffer), (196 bytes).
    Removing stm32746g_discovery_lcd.o(.ARM.exidx.text.LL_FillBuffer), (8 bytes).
    Removing stm32746g_discovery_lcd.o(.text.BSP_LCD_ClearStringLine), (142 bytes).
    Removing stm32746g_discovery_lcd.o(.ARM.exidx.text.BSP_LCD_ClearStringLine), (8 bytes).
    Removing stm32746g_discovery_lcd.o(.text.BSP_LCD_FillRect), (288 bytes).
    Removing stm32746g_discovery_lcd.o(.ARM.exidx.text.BSP_LCD_FillRect), (8 bytes).
    Removing stm32746g_discovery_lcd.o(.text.BSP_LCD_DisplayChar), (88 bytes).
    Removing stm32746g_discovery_lcd.o(.ARM.exidx.text.BSP_LCD_DisplayChar), (8 bytes).
    Removing stm32746g_discovery_lcd.o(.text.DrawChar), (370 bytes).
    Removing stm32746g_discovery_lcd.o(.ARM.exidx.text.DrawChar), (8 bytes).
    Removing stm32746g_discovery_lcd.o(.text.BSP_LCD_DisplayStringAt), (436 bytes).
    Removing stm32746g_discovery_lcd.o(.ARM.exidx.text.BSP_LCD_DisplayStringAt), (8 bytes).
    Removing stm32746g_discovery_lcd.o(.text.BSP_LCD_DisplayStringAtLine), (44 bytes).
    Removing stm32746g_discovery_lcd.o(.ARM.exidx.text.BSP_LCD_DisplayStringAtLine), (8 bytes).
    Removing stm32746g_discovery_lcd.o(.text.BSP_LCD_DrawHLine), (218 bytes).
    Removing stm32746g_discovery_lcd.o(.ARM.exidx.text.BSP_LCD_DrawHLine), (8 bytes).
    Removing stm32746g_discovery_lcd.o(.text.BSP_LCD_DrawVLine), (246 bytes).
    Removing stm32746g_discovery_lcd.o(.ARM.exidx.text.BSP_LCD_DrawVLine), (8 bytes).
    Removing stm32746g_discovery_lcd.o(.text.BSP_LCD_DrawLine), (564 bytes).
    Removing stm32746g_discovery_lcd.o(.ARM.exidx.text.BSP_LCD_DrawLine), (8 bytes).
    Removing stm32746g_discovery_lcd.o(.text.BSP_LCD_DrawPixel), (178 bytes).
    Removing stm32746g_discovery_lcd.o(.ARM.exidx.text.BSP_LCD_DrawPixel), (8 bytes).
    Removing stm32746g_discovery_lcd.o(.text.BSP_LCD_DrawRect), (104 bytes).
    Removing stm32746g_discovery_lcd.o(.ARM.exidx.text.BSP_LCD_DrawRect), (8 bytes).
    Removing stm32746g_discovery_lcd.o(.text.BSP_LCD_DrawCircle), (452 bytes).
    Removing stm32746g_discovery_lcd.o(.ARM.exidx.text.BSP_LCD_DrawCircle), (8 bytes).
    Removing stm32746g_discovery_lcd.o(.text.BSP_LCD_DrawPolygon), (122 bytes).
    Removing stm32746g_discovery_lcd.o(.ARM.exidx.text.BSP_LCD_DrawPolygon), (8 bytes).
    Removing stm32746g_discovery_lcd.o(.text.BSP_LCD_DrawEllipse), (432 bytes).
    Removing stm32746g_discovery_lcd.o(.ARM.exidx.text.BSP_LCD_DrawEllipse), (8 bytes).
    Removing stm32746g_discovery_lcd.o(.text.BSP_LCD_DrawBitmap), (240 bytes).
    Removing stm32746g_discovery_lcd.o(.ARM.exidx.text.BSP_LCD_DrawBitmap), (8 bytes).
    Removing stm32746g_discovery_lcd.o(.text.LL_ConvertLineToARGB8888), (136 bytes).
    Removing stm32746g_discovery_lcd.o(.ARM.exidx.text.LL_ConvertLineToARGB8888), (8 bytes).
    Removing stm32746g_discovery_lcd.o(.text.BSP_LCD_FillCircle), (314 bytes).
    Removing stm32746g_discovery_lcd.o(.ARM.exidx.text.BSP_LCD_FillCircle), (8 bytes).
    Removing stm32746g_discovery_lcd.o(.text.BSP_LCD_FillPolygon), (614 bytes).
    Removing stm32746g_discovery_lcd.o(.ARM.exidx.text.BSP_LCD_FillPolygon), (8 bytes).
    Removing stm32746g_discovery_lcd.o(.text.FillTriangle), (562 bytes).
    Removing stm32746g_discovery_lcd.o(.ARM.exidx.text.FillTriangle), (8 bytes).
    Removing stm32746g_discovery_lcd.o(.text.BSP_LCD_FillEllipse), (276 bytes).
    Removing stm32746g_discovery_lcd.o(.ARM.exidx.text.BSP_LCD_FillEllipse), (8 bytes).
    Removing stm32746g_discovery_lcd.o(.text.BSP_LCD_DisplayOn), (62 bytes).
    Removing stm32746g_discovery_lcd.o(.ARM.exidx.text.BSP_LCD_DisplayOn), (8 bytes).
    Removing stm32746g_discovery_lcd.o(.text.BSP_LCD_DisplayOff), (62 bytes).
    Removing stm32746g_discovery_lcd.o(.ARM.exidx.text.BSP_LCD_DisplayOff), (8 bytes).
    Removing stm32746g_discovery_lcd.o(.rodata.Font24_Table), (6840 bytes).
    Removing stm32746g_discovery_lcd.o(.data.Font24), (8 bytes).
    Removing stm32746g_discovery_lcd.o(.rodata.Font20_Table), (3800 bytes).
    Removing stm32746g_discovery_lcd.o(.data.Font20), (8 bytes).
    Removing stm32746g_discovery_lcd.o(.rodata.Font16_Table), (3040 bytes).
    Removing stm32746g_discovery_lcd.o(.data.Font16), (8 bytes).
    Removing stm32746g_discovery_lcd.o(.rodata.Font12_Table), (1140 bytes).
    Removing stm32746g_discovery_lcd.o(.data.Font12), (8 bytes).
    Removing stm32746g_discovery_lcd.o(.rodata.Font8_Table), (760 bytes).
    Removing stm32746g_discovery_lcd.o(.data.Font8), (8 bytes).
    Removing stm32746g_discovery_lcd.o(.bss.hLtdcHandler), (168 bytes).
    Removing stm32746g_discovery_lcd.o(.bss.ActiveLayer), (4 bytes).
    Removing stm32746g_discovery_lcd.o(.bss.DrawProp), (24 bytes).
    Removing stm32746g_discovery_lcd.o(.bss.BSP_LCD_ClockConfig.periph_clk_init_struct), (132 bytes).
    Removing stm32746g_discovery_lcd.o(.bss.hDma2dHandler), (64 bytes).
    Removing stm32746g_discovery.o(.text), (0 bytes).
    Removing stm32746g_discovery.o(.text.BSP_GetVersion), (10 bytes).
    Removing stm32746g_discovery.o(.ARM.exidx.text.BSP_GetVersion), (8 bytes).
    Removing stm32746g_discovery.o(.ARM.exidx.text.BSP_LED_Init), (8 bytes).
    Removing stm32746g_discovery.o(.text.BSP_LED_DeInit), (78 bytes).
    Removing stm32746g_discovery.o(.ARM.exidx.text.BSP_LED_DeInit), (8 bytes).
    Removing stm32746g_discovery.o(.text.BSP_LED_On), (56 bytes).
    Removing stm32746g_discovery.o(.ARM.exidx.text.BSP_LED_On), (8 bytes).
    Removing stm32746g_discovery.o(.text.BSP_LED_Off), (56 bytes).
    Removing stm32746g_discovery.o(.ARM.exidx.text.BSP_LED_Off), (8 bytes).
    Removing stm32746g_discovery.o(.ARM.exidx.text.BSP_LED_Toggle), (8 bytes).
    Removing stm32746g_discovery.o(.text.BSP_PB_Init), (320 bytes).
    Removing stm32746g_discovery.o(.ARM.exidx.text.BSP_PB_Init), (8 bytes).
    Removing stm32746g_discovery.o(.text.BSP_PB_DeInit), (72 bytes).
    Removing stm32746g_discovery.o(.ARM.exidx.text.BSP_PB_DeInit), (8 bytes).
    Removing stm32746g_discovery.o(.text.BSP_PB_GetState), (44 bytes).
    Removing stm32746g_discovery.o(.ARM.exidx.text.BSP_PB_GetState), (8 bytes).
    Removing stm32746g_discovery.o(.text.BSP_COM_Init), (306 bytes).
    Removing stm32746g_discovery.o(.ARM.exidx.text.BSP_COM_Init), (8 bytes).
    Removing stm32746g_discovery.o(.text.BSP_COM_DeInit), (68 bytes).
    Removing stm32746g_discovery.o(.ARM.exidx.text.BSP_COM_DeInit), (8 bytes).
    Removing stm32746g_discovery.o(.text.AUDIO_IO_Init), (16 bytes).
    Removing stm32746g_discovery.o(.ARM.exidx.text.AUDIO_IO_Init), (8 bytes).
    Removing stm32746g_discovery.o(.text.I2Cx_Init), (118 bytes).
    Removing stm32746g_discovery.o(.ARM.exidx.text.I2Cx_Init), (8 bytes).
    Removing stm32746g_discovery.o(.text.AUDIO_IO_DeInit), (2 bytes).
    Removing stm32746g_discovery.o(.ARM.exidx.text.AUDIO_IO_DeInit), (8 bytes).
    Removing stm32746g_discovery.o(.text.AUDIO_IO_Write), (88 bytes).
    Removing stm32746g_discovery.o(.ARM.exidx.text.AUDIO_IO_Write), (8 bytes).
    Removing stm32746g_discovery.o(.text.I2Cx_WriteMultiple), (114 bytes).
    Removing stm32746g_discovery.o(.ARM.exidx.text.I2Cx_WriteMultiple), (8 bytes).
    Removing stm32746g_discovery.o(.text.AUDIO_IO_Read), (98 bytes).
    Removing stm32746g_discovery.o(.ARM.exidx.text.AUDIO_IO_Read), (8 bytes).
    Removing stm32746g_discovery.o(.text.I2Cx_ReadMultiple), (114 bytes).
    Removing stm32746g_discovery.o(.ARM.exidx.text.I2Cx_ReadMultiple), (8 bytes).
    Removing stm32746g_discovery.o(.text.AUDIO_IO_Delay), (16 bytes).
    Removing stm32746g_discovery.o(.ARM.exidx.text.AUDIO_IO_Delay), (8 bytes).
    Removing stm32746g_discovery.o(.text.CAMERA_IO_Init), (16 bytes).
    Removing stm32746g_discovery.o(.ARM.exidx.text.CAMERA_IO_Init), (8 bytes).
    Removing stm32746g_discovery.o(.text.CAMERA_IO_Write), (56 bytes).
    Removing stm32746g_discovery.o(.ARM.exidx.text.CAMERA_IO_Write), (8 bytes).
    Removing stm32746g_discovery.o(.text.CAMERA_IO_Read), (62 bytes).
    Removing stm32746g_discovery.o(.ARM.exidx.text.CAMERA_IO_Read), (8 bytes).
    Removing stm32746g_discovery.o(.text.CAMERA_Delay), (16 bytes).
    Removing stm32746g_discovery.o(.ARM.exidx.text.CAMERA_Delay), (8 bytes).
    Removing stm32746g_discovery.o(.text.EEPROM_IO_Init), (16 bytes).
    Removing stm32746g_discovery.o(.ARM.exidx.text.EEPROM_IO_Init), (8 bytes).
    Removing stm32746g_discovery.o(.text.EEPROM_IO_WriteData), (56 bytes).
    Removing stm32746g_discovery.o(.ARM.exidx.text.EEPROM_IO_WriteData), (8 bytes).
    Removing stm32746g_discovery.o(.text.EEPROM_IO_ReadData), (56 bytes).
    Removing stm32746g_discovery.o(.ARM.exidx.text.EEPROM_IO_ReadData), (8 bytes).
    Removing stm32746g_discovery.o(.text.EEPROM_IO_IsDeviceReady), (32 bytes).
    Removing stm32746g_discovery.o(.ARM.exidx.text.EEPROM_IO_IsDeviceReady), (8 bytes).
    Removing stm32746g_discovery.o(.text.I2Cx_IsDeviceReady), (32 bytes).
    Removing stm32746g_discovery.o(.ARM.exidx.text.I2Cx_IsDeviceReady), (8 bytes).
    Removing stm32746g_discovery.o(.text.TS_IO_Init), (16 bytes).
    Removing stm32746g_discovery.o(.ARM.exidx.text.TS_IO_Init), (8 bytes).
    Removing stm32746g_discovery.o(.text.TS_IO_Write), (56 bytes).
    Removing stm32746g_discovery.o(.ARM.exidx.text.TS_IO_Write), (8 bytes).
    Removing stm32746g_discovery.o(.text.TS_IO_Read), (62 bytes).
    Removing stm32746g_discovery.o(.ARM.exidx.text.TS_IO_Read), (8 bytes).
    Removing stm32746g_discovery.o(.text.TS_IO_Delay), (16 bytes).
    Removing stm32746g_discovery.o(.ARM.exidx.text.TS_IO_Delay), (8 bytes).
    Removing stm32746g_discovery.o(.text.I2Cx_MspInit), (384 bytes).
    Removing stm32746g_discovery.o(.ARM.exidx.text.I2Cx_MspInit), (8 bytes).
    Removing stm32746g_discovery.o(.text.I2Cx_Error), (26 bytes).
    Removing stm32746g_discovery.o(.ARM.exidx.text.I2Cx_Error), (8 bytes).
    Removing stm32746g_discovery.o(.data.BUTTON_PORT), (12 bytes).
    Removing stm32746g_discovery.o(.rodata.BUTTON_PIN), (6 bytes).
    Removing stm32746g_discovery.o(.rodata.BUTTON_IRQn), (6 bytes).
    Removing stm32746g_discovery.o(.data.COM_USART), (4 bytes).
    Removing stm32746g_discovery.o(.data.COM_TX_PORT), (4 bytes).
    Removing stm32746g_discovery.o(.data.COM_RX_PORT), (4 bytes).
    Removing stm32746g_discovery.o(.rodata.COM_TX_PIN), (2 bytes).
    Removing stm32746g_discovery.o(.rodata.COM_RX_PIN), (2 bytes).
    Removing stm32746g_discovery.o(.rodata.COM_TX_AF), (2 bytes).
    Removing stm32746g_discovery.o(.rodata.COM_RX_AF), (2 bytes).
    Removing stm32746g_discovery.o(.bss.hI2cAudioHandler), (84 bytes).
    Removing stm32746g_discovery.o(.bss.hI2cExtHandler), (84 bytes).
    Removing stm32746g_discovery_audio.o(.text), (0 bytes).
    Removing stm32746g_discovery_audio.o(.text.BSP_AUDIO_OUT_Init), (208 bytes).
    Removing stm32746g_discovery_audio.o(.ARM.exidx.text.BSP_AUDIO_OUT_Init), (8 bytes).
    Removing stm32746g_discovery_audio.o(.text.SAIx_Out_DeInit), (36 bytes).
    Removing stm32746g_discovery_audio.o(.ARM.exidx.text.SAIx_Out_DeInit), (8 bytes).
    Removing stm32746g_discovery_audio.o(.text.BSP_AUDIO_OUT_ClockConfig), (124 bytes).
    Removing stm32746g_discovery_audio.o(.ARM.exidx.text.BSP_AUDIO_OUT_ClockConfig), (8 bytes).
    Removing stm32746g_discovery_audio.o(.text.BSP_AUDIO_OUT_MspInit), (470 bytes).
    Removing stm32746g_discovery_audio.o(.ARM.exidx.text.BSP_AUDIO_OUT_MspInit), (8 bytes).
    Removing stm32746g_discovery_audio.o(.text.SAIx_Out_Init), (122 bytes).
    Removing stm32746g_discovery_audio.o(.ARM.exidx.text.SAIx_Out_Init), (8 bytes).
    Removing stm32746g_discovery_audio.o(.text.BSP_AUDIO_OUT_Play), (108 bytes).
    Removing stm32746g_discovery_audio.o(.ARM.exidx.text.BSP_AUDIO_OUT_Play), (8 bytes).
    Removing stm32746g_discovery_audio.o(.text.BSP_AUDIO_OUT_ChangeBuffer), (32 bytes).
    Removing stm32746g_discovery_audio.o(.ARM.exidx.text.BSP_AUDIO_OUT_ChangeBuffer), (8 bytes).
    Removing stm32746g_discovery_audio.o(.text.BSP_AUDIO_OUT_Pause), (60 bytes).
    Removing stm32746g_discovery_audio.o(.ARM.exidx.text.BSP_AUDIO_OUT_Pause), (8 bytes).
    Removing stm32746g_discovery_audio.o(.text.BSP_AUDIO_OUT_Resume), (60 bytes).
    Removing stm32746g_discovery_audio.o(.ARM.exidx.text.BSP_AUDIO_OUT_Resume), (8 bytes).
    Removing stm32746g_discovery_audio.o(.text.BSP_AUDIO_OUT_Stop), (80 bytes).
    Removing stm32746g_discovery_audio.o(.ARM.exidx.text.BSP_AUDIO_OUT_Stop), (8 bytes).
    Removing stm32746g_discovery_audio.o(.text.BSP_AUDIO_OUT_SetVolume), (56 bytes).
    Removing stm32746g_discovery_audio.o(.ARM.exidx.text.BSP_AUDIO_OUT_SetVolume), (8 bytes).
    Removing stm32746g_discovery_audio.o(.text.BSP_AUDIO_OUT_SetMute), (52 bytes).
    Removing stm32746g_discovery_audio.o(.ARM.exidx.text.BSP_AUDIO_OUT_SetMute), (8 bytes).
    Removing stm32746g_discovery_audio.o(.text.BSP_AUDIO_OUT_SetOutputMode), (56 bytes).
    Removing stm32746g_discovery_audio.o(.ARM.exidx.text.BSP_AUDIO_OUT_SetOutputMode), (8 bytes).
    Removing stm32746g_discovery_audio.o(.text.BSP_AUDIO_OUT_SetFrequency), (60 bytes).
    Removing stm32746g_discovery_audio.o(.ARM.exidx.text.BSP_AUDIO_OUT_SetFrequency), (8 bytes).
    Removing stm32746g_discovery_audio.o(.text.BSP_AUDIO_OUT_SetAudioFrameSlot), (50 bytes).
    Removing stm32746g_discovery_audio.o(.ARM.exidx.text.BSP_AUDIO_OUT_SetAudioFrameSlot), (8 bytes).
    Removing stm32746g_discovery_audio.o(.text.BSP_AUDIO_OUT_DeInit), (22 bytes).
    Removing stm32746g_discovery_audio.o(.ARM.exidx.text.BSP_AUDIO_OUT_DeInit), (8 bytes).
    Removing stm32746g_discovery_audio.o(.text.BSP_AUDIO_OUT_MspDeInit), (130 bytes).
    Removing stm32746g_discovery_audio.o(.ARM.exidx.text.BSP_AUDIO_OUT_MspDeInit), (8 bytes).
    Removing stm32746g_discovery_audio.o(.text.HAL_SAI_TxCpltCallback), (14 bytes).
    Removing stm32746g_discovery_audio.o(.ARM.exidx.text.HAL_SAI_TxCpltCallback), (8 bytes).
    Removing stm32746g_discovery_audio.o(.text.BSP_AUDIO_OUT_TransferComplete_CallBack), (2 bytes).
    Removing stm32746g_discovery_audio.o(.ARM.exidx.text.BSP_AUDIO_OUT_TransferComplete_CallBack), (8 bytes).
    Removing stm32746g_discovery_audio.o(.text.HAL_SAI_TxHalfCpltCallback), (14 bytes).
    Removing stm32746g_discovery_audio.o(.ARM.exidx.text.HAL_SAI_TxHalfCpltCallback), (8 bytes).
    Removing stm32746g_discovery_audio.o(.text.BSP_AUDIO_OUT_HalfTransfer_CallBack), (2 bytes).
    Removing stm32746g_discovery_audio.o(.ARM.exidx.text.BSP_AUDIO_OUT_HalfTransfer_CallBack), (8 bytes).
    Removing stm32746g_discovery_audio.o(.text.HAL_SAI_ErrorCallback), (94 bytes).
    Removing stm32746g_discovery_audio.o(.ARM.exidx.text.HAL_SAI_ErrorCallback), (8 bytes).
    Removing stm32746g_discovery_audio.o(.text.BSP_AUDIO_OUT_Error_CallBack), (2 bytes).
    Removing stm32746g_discovery_audio.o(.ARM.exidx.text.BSP_AUDIO_OUT_Error_CallBack), (8 bytes).
    Removing stm32746g_discovery_audio.o(.text.BSP_AUDIO_IN_Error_CallBack), (2 bytes).
    Removing stm32746g_discovery_audio.o(.ARM.exidx.text.BSP_AUDIO_IN_Error_CallBack), (8 bytes).
    Removing stm32746g_discovery_audio.o(.text.BSP_AUDIO_IN_Init), (28 bytes).
    Removing stm32746g_discovery_audio.o(.ARM.exidx.text.BSP_AUDIO_IN_Init), (8 bytes).
    Removing stm32746g_discovery_audio.o(.text.BSP_AUDIO_IN_InitEx), (278 bytes).
    Removing stm32746g_discovery_audio.o(.ARM.exidx.text.BSP_AUDIO_IN_InitEx), (8 bytes).
    Removing stm32746g_discovery_audio.o(.text.SAIx_In_DeInit), (36 bytes).
    Removing stm32746g_discovery_audio.o(.ARM.exidx.text.SAIx_In_DeInit), (8 bytes).
    Removing stm32746g_discovery_audio.o(.text.BSP_AUDIO_IN_MspInit), (364 bytes).
    Removing stm32746g_discovery_audio.o(.ARM.exidx.text.BSP_AUDIO_IN_MspInit), (8 bytes).
    Removing stm32746g_discovery_audio.o(.text.SAIx_In_Init), (256 bytes).
    Removing stm32746g_discovery_audio.o(.ARM.exidx.text.SAIx_In_Init), (8 bytes).
    Removing stm32746g_discovery_audio.o(.text.BSP_AUDIO_IN_OUT_Init), (312 bytes).
    Removing stm32746g_discovery_audio.o(.ARM.exidx.text.BSP_AUDIO_IN_OUT_Init), (8 bytes).
    Removing stm32746g_discovery_audio.o(.text.BSP_AUDIO_IN_Record), (42 bytes).
    Removing stm32746g_discovery_audio.o(.ARM.exidx.text.BSP_AUDIO_IN_Record), (8 bytes).
    Removing stm32746g_discovery_audio.o(.text.BSP_AUDIO_IN_Stop), (80 bytes).
    Removing stm32746g_discovery_audio.o(.ARM.exidx.text.BSP_AUDIO_IN_Stop), (8 bytes).
    Removing stm32746g_discovery_audio.o(.text.BSP_AUDIO_IN_Pause), (18 bytes).
    Removing stm32746g_discovery_audio.o(.ARM.exidx.text.BSP_AUDIO_IN_Pause), (8 bytes).
    Removing stm32746g_discovery_audio.o(.text.BSP_AUDIO_IN_Resume), (18 bytes).
    Removing stm32746g_discovery_audio.o(.ARM.exidx.text.BSP_AUDIO_IN_Resume), (8 bytes).
    Removing stm32746g_discovery_audio.o(.text.BSP_AUDIO_IN_SetVolume), (70 bytes).
    Removing stm32746g_discovery_audio.o(.ARM.exidx.text.BSP_AUDIO_IN_SetVolume), (8 bytes).
    Removing stm32746g_discovery_audio.o(.text.BSP_AUDIO_IN_DeInit), (22 bytes).
    Removing stm32746g_discovery_audio.o(.ARM.exidx.text.BSP_AUDIO_IN_DeInit), (8 bytes).
    Removing stm32746g_discovery_audio.o(.text.BSP_AUDIO_IN_MspDeInit), (98 bytes).
    Removing stm32746g_discovery_audio.o(.ARM.exidx.text.BSP_AUDIO_IN_MspDeInit), (8 bytes).
    Removing stm32746g_discovery_audio.o(.text.HAL_SAI_RxCpltCallback), (14 bytes).
    Removing stm32746g_discovery_audio.o(.ARM.exidx.text.HAL_SAI_RxCpltCallback), (8 bytes).
    Removing stm32746g_discovery_audio.o(.text.BSP_AUDIO_IN_TransferComplete_CallBack), (2 bytes).
    Removing stm32746g_discovery_audio.o(.ARM.exidx.text.BSP_AUDIO_IN_TransferComplete_CallBack), (8 bytes).
    Removing stm32746g_discovery_audio.o(.text.HAL_SAI_RxHalfCpltCallback), (14 bytes).
    Removing stm32746g_discovery_audio.o(.ARM.exidx.text.HAL_SAI_RxHalfCpltCallback), (8 bytes).
    Removing stm32746g_discovery_audio.o(.text.BSP_AUDIO_IN_HalfTransfer_CallBack), (2 bytes).
    Removing stm32746g_discovery_audio.o(.ARM.exidx.text.BSP_AUDIO_IN_HalfTransfer_CallBack), (8 bytes).
    Removing stm32746g_discovery_audio.o(.bss.haudio_out_sai), (132 bytes).
    Removing stm32746g_discovery_audio.o(.bss.haudio_in_sai), (132 bytes).
    Removing stm32746g_discovery_audio.o(.data.AudioInVolume), (2 bytes).
    Removing stm32746g_discovery_audio.o(.bss.audio_drv), (4 bytes).
    Removing stm32746g_discovery_audio.o(.bss.BSP_AUDIO_OUT_MspInit.hdma_sai_tx), (96 bytes).
    Removing stm32746g_discovery_audio.o(.bss.BSP_AUDIO_IN_MspInit.hdma_sai_rx), (96 bytes).
    Removing stm32746g_discovery_audio.o(.bss.BSP_AUDIO_IN_MspDeInit.hdma_sai_rx), (96 bytes).
    Removing stm32746g_discovery_audio.o(.bss.haudio_tim), (76 bytes).
    Removing stm32746g_discovery_qspi.o(.text), (0 bytes).
    Removing stm32746g_discovery_qspi.o(.text.BSP_QSPI_Init), (188 bytes).
    Removing stm32746g_discovery_qspi.o(.ARM.exidx.text.BSP_QSPI_Init), (8 bytes).
    Removing stm32746g_discovery_qspi.o(.text.BSP_QSPI_MspInit), (412 bytes).
    Removing stm32746g_discovery_qspi.o(.ARM.exidx.text.BSP_QSPI_MspInit), (8 bytes).
    Removing stm32746g_discovery_qspi.o(.text.QSPI_ResetMemory), (122 bytes).
    Removing stm32746g_discovery_qspi.o(.ARM.exidx.text.QSPI_ResetMemory), (8 bytes).
    Removing stm32746g_discovery_qspi.o(.text.QSPI_DummyCyclesCfg), (214 bytes).
    Removing stm32746g_discovery_qspi.o(.ARM.exidx.text.QSPI_DummyCyclesCfg), (8 bytes).
    Removing stm32746g_discovery_qspi.o(.text.BSP_QSPI_DeInit), (70 bytes).
    Removing stm32746g_discovery_qspi.o(.ARM.exidx.text.BSP_QSPI_DeInit), (8 bytes).
    Removing stm32746g_discovery_qspi.o(.text.BSP_QSPI_MspDeInit), (136 bytes).
    Removing stm32746g_discovery_qspi.o(.ARM.exidx.text.BSP_QSPI_MspDeInit), (8 bytes).
    Removing stm32746g_discovery_qspi.o(.text.BSP_QSPI_Read), (172 bytes).
    Removing stm32746g_discovery_qspi.o(.ARM.exidx.text.BSP_QSPI_Read), (8 bytes).
    Removing stm32746g_discovery_qspi.o(.text.BSP_QSPI_Write), (290 bytes).
    Removing stm32746g_discovery_qspi.o(.ARM.exidx.text.BSP_QSPI_Write), (8 bytes).
    Removing stm32746g_discovery_qspi.o(.text.QSPI_WriteEnable), (132 bytes).
    Removing stm32746g_discovery_qspi.o(.ARM.exidx.text.QSPI_WriteEnable), (8 bytes).
    Removing stm32746g_discovery_qspi.o(.text.QSPI_AutoPollingMemReady), (100 bytes).
    Removing stm32746g_discovery_qspi.o(.ARM.exidx.text.QSPI_AutoPollingMemReady), (8 bytes).
    Removing stm32746g_discovery_qspi.o(.text.BSP_QSPI_Erase_Block), (144 bytes).
    Removing stm32746g_discovery_qspi.o(.ARM.exidx.text.BSP_QSPI_Erase_Block), (8 bytes).
    Removing stm32746g_discovery_qspi.o(.text.BSP_QSPI_Erase_Chip), (132 bytes).
    Removing stm32746g_discovery_qspi.o(.ARM.exidx.text.BSP_QSPI_Erase_Chip), (8 bytes).
    Removing stm32746g_discovery_qspi.o(.text.BSP_QSPI_GetStatus), (176 bytes).
    Removing stm32746g_discovery_qspi.o(.ARM.exidx.text.BSP_QSPI_GetStatus), (8 bytes).
    Removing stm32746g_discovery_qspi.o(.text.BSP_QSPI_GetInfo), (46 bytes).
    Removing stm32746g_discovery_qspi.o(.ARM.exidx.text.BSP_QSPI_GetInfo), (8 bytes).
    Removing stm32746g_discovery_qspi.o(.text.BSP_QSPI_EnableMemoryMappedMode), (94 bytes).
    Removing stm32746g_discovery_qspi.o(.ARM.exidx.text.BSP_QSPI_EnableMemoryMappedMode), (8 bytes).
    Removing stm32746g_discovery_qspi.o(.bss.QSPIHandle), (76 bytes).
    Removing stm32746g_discovery_camera.o(.text), (0 bytes).
    Removing stm32746g_discovery_camera.o(.text.BSP_CAMERA_Init), (262 bytes).
    Removing stm32746g_discovery_camera.o(.ARM.exidx.text.BSP_CAMERA_Init), (8 bytes).
    Removing stm32746g_discovery_camera.o(.text.BSP_CAMERA_PwrUp), (94 bytes).
    Removing stm32746g_discovery_camera.o(.ARM.exidx.text.BSP_CAMERA_PwrUp), (8 bytes).
    Removing stm32746g_discovery_camera.o(.text.BSP_CAMERA_MspInit), (572 bytes).
    Removing stm32746g_discovery_camera.o(.ARM.exidx.text.BSP_CAMERA_MspInit), (8 bytes).
    Removing stm32746g_discovery_camera.o(.text.BSP_CAMERA_DeInit), (42 bytes).
    Removing stm32746g_discovery_camera.o(.ARM.exidx.text.BSP_CAMERA_DeInit), (8 bytes).
    Removing stm32746g_discovery_camera.o(.text.BSP_CAMERA_MspDeInit), (48 bytes).
    Removing stm32746g_discovery_camera.o(.ARM.exidx.text.BSP_CAMERA_MspDeInit), (8 bytes).
    Removing stm32746g_discovery_camera.o(.text.BSP_CAMERA_ContinuousStart), (46 bytes).
    Removing stm32746g_discovery_camera.o(.ARM.exidx.text.BSP_CAMERA_ContinuousStart), (8 bytes).
    Removing stm32746g_discovery_camera.o(.text.GetSize), (66 bytes).
    Removing stm32746g_discovery_camera.o(.ARM.exidx.text.GetSize), (8 bytes).
    Removing stm32746g_discovery_camera.o(.text.BSP_CAMERA_SnapshotStart), (46 bytes).
    Removing stm32746g_discovery_camera.o(.ARM.exidx.text.BSP_CAMERA_SnapshotStart), (8 bytes).
    Removing stm32746g_discovery_camera.o(.text.BSP_CAMERA_Suspend), (16 bytes).
    Removing stm32746g_discovery_camera.o(.ARM.exidx.text.BSP_CAMERA_Suspend), (8 bytes).
    Removing stm32746g_discovery_camera.o(.text.BSP_CAMERA_Resume), (16 bytes).
    Removing stm32746g_discovery_camera.o(.ARM.exidx.text.BSP_CAMERA_Resume), (8 bytes).
    Removing stm32746g_discovery_camera.o(.text.BSP_CAMERA_Stop), (46 bytes).
    Removing stm32746g_discovery_camera.o(.ARM.exidx.text.BSP_CAMERA_Stop), (8 bytes).
    Removing stm32746g_discovery_camera.o(.text.BSP_CAMERA_PwrDown), (86 bytes).
    Removing stm32746g_discovery_camera.o(.ARM.exidx.text.BSP_CAMERA_PwrDown), (8 bytes).
    Removing stm32746g_discovery_camera.o(.text.BSP_CAMERA_ContrastBrightnessConfig), (62 bytes).
    Removing stm32746g_discovery_camera.o(.ARM.exidx.text.BSP_CAMERA_ContrastBrightnessConfig), (8 bytes).
    Removing stm32746g_discovery_camera.o(.text.BSP_CAMERA_BlackWhiteConfig), (60 bytes).
    Removing stm32746g_discovery_camera.o(.ARM.exidx.text.BSP_CAMERA_BlackWhiteConfig), (8 bytes).
    Removing stm32746g_discovery_camera.o(.text.BSP_CAMERA_ColorEffectConfig), (60 bytes).
    Removing stm32746g_discovery_camera.o(.ARM.exidx.text.BSP_CAMERA_ColorEffectConfig), (8 bytes).
    Removing stm32746g_discovery_camera.o(.text.HAL_DCMI_LineEventCallback), (14 bytes).
    Removing stm32746g_discovery_camera.o(.ARM.exidx.text.HAL_DCMI_LineEventCallback), (8 bytes).
    Removing stm32746g_discovery_camera.o(.text.BSP_CAMERA_LineEventCallback), (2 bytes).
    Removing stm32746g_discovery_camera.o(.ARM.exidx.text.BSP_CAMERA_LineEventCallback), (8 bytes).
    Removing stm32746g_discovery_camera.o(.text.HAL_DCMI_VsyncEventCallback), (14 bytes).
    Removing stm32746g_discovery_camera.o(.ARM.exidx.text.HAL_DCMI_VsyncEventCallback), (8 bytes).
    Removing stm32746g_discovery_camera.o(.text.BSP_CAMERA_VsyncEventCallback), (2 bytes).
    Removing stm32746g_discovery_camera.o(.ARM.exidx.text.BSP_CAMERA_VsyncEventCallback), (8 bytes).
    Removing stm32746g_discovery_camera.o(.text.HAL_DCMI_FrameEventCallback), (14 bytes).
    Removing stm32746g_discovery_camera.o(.ARM.exidx.text.HAL_DCMI_FrameEventCallback), (8 bytes).
    Removing stm32746g_discovery_camera.o(.text.BSP_CAMERA_FrameEventCallback), (2 bytes).
    Removing stm32746g_discovery_camera.o(.ARM.exidx.text.BSP_CAMERA_FrameEventCallback), (8 bytes).
    Removing stm32746g_discovery_camera.o(.text.HAL_DCMI_ErrorCallback), (14 bytes).
    Removing stm32746g_discovery_camera.o(.ARM.exidx.text.HAL_DCMI_ErrorCallback), (8 bytes).
    Removing stm32746g_discovery_camera.o(.text.BSP_CAMERA_ErrorCallback), (2 bytes).
    Removing stm32746g_discovery_camera.o(.ARM.exidx.text.BSP_CAMERA_ErrorCallback), (8 bytes).
    Removing stm32746g_discovery_camera.o(.bss.hDcmiHandler), (80 bytes).
    Removing stm32746g_discovery_camera.o(.bss.camera_drv), (4 bytes).
    Removing stm32746g_discovery_camera.o(.bss.CameraHwAddress), (4 bytes).
    Removing stm32746g_discovery_camera.o(.bss.CameraCurrentResolution), (4 bytes).
    Removing stm32746g_discovery_camera.o(.bss.BSP_CAMERA_MspInit.hdma_handler), (96 bytes).
    Removing stm32746g_discovery_sdram.o(.text), (0 bytes).
    Removing stm32746g_discovery_sdram.o(.text.BSP_SDRAM_Init), (164 bytes).
    Removing stm32746g_discovery_sdram.o(.ARM.exidx.text.BSP_SDRAM_Init), (8 bytes).
    Removing stm32746g_discovery_sdram.o(.text.BSP_SDRAM_MspInit), (512 bytes).
    Removing stm32746g_discovery_sdram.o(.ARM.exidx.text.BSP_SDRAM_MspInit), (8 bytes).
    Removing stm32746g_discovery_sdram.o(.text.BSP_SDRAM_Initialization_sequence), (190 bytes).
    Removing stm32746g_discovery_sdram.o(.ARM.exidx.text.BSP_SDRAM_Initialization_sequence), (8 bytes).
    Removing stm32746g_discovery_sdram.o(.text.BSP_SDRAM_DeInit), (82 bytes).
    Removing stm32746g_discovery_sdram.o(.ARM.exidx.text.BSP_SDRAM_DeInit), (8 bytes).
    Removing stm32746g_discovery_sdram.o(.text.BSP_SDRAM_MspDeInit), (40 bytes).
    Removing stm32746g_discovery_sdram.o(.ARM.exidx.text.BSP_SDRAM_MspDeInit), (8 bytes).
    Removing stm32746g_discovery_sdram.o(.text.BSP_SDRAM_ReadData), (56 bytes).
    Removing stm32746g_discovery_sdram.o(.ARM.exidx.text.BSP_SDRAM_ReadData), (8 bytes).
    Removing stm32746g_discovery_sdram.o(.text.BSP_SDRAM_ReadData_DMA), (56 bytes).
    Removing stm32746g_discovery_sdram.o(.ARM.exidx.text.BSP_SDRAM_ReadData_DMA), (8 bytes).
    Removing stm32746g_discovery_sdram.o(.text.BSP_SDRAM_WriteData), (56 bytes).
    Removing stm32746g_discovery_sdram.o(.ARM.exidx.text.BSP_SDRAM_WriteData), (8 bytes).
    Removing stm32746g_discovery_sdram.o(.text.BSP_SDRAM_WriteData_DMA), (56 bytes).
    Removing stm32746g_discovery_sdram.o(.ARM.exidx.text.BSP_SDRAM_WriteData_DMA), (8 bytes).
    Removing stm32746g_discovery_sdram.o(.text.BSP_SDRAM_Sendcmd), (52 bytes).
    Removing stm32746g_discovery_sdram.o(.ARM.exidx.text.BSP_SDRAM_Sendcmd), (8 bytes).
    Removing stm32746g_discovery_sdram.o(.data.BSP_SDRAM_Init.sdramstatus), (1 bytes).
    Removing stm32746g_discovery_sdram.o(.bss.sdramHandle), (52 bytes).
    Removing stm32746g_discovery_sdram.o(.bss.Timing), (28 bytes).
    Removing stm32746g_discovery_sdram.o(.data.BSP_SDRAM_DeInit.sdramstatus), (1 bytes).
    Removing stm32746g_discovery_sdram.o(.bss.Command), (16 bytes).
    Removing stm32746g_discovery_sdram.o(.bss.BSP_SDRAM_MspInit.dma_handle), (96 bytes).
    Removing stm32746g_discovery_sdram.o(.bss.BSP_SDRAM_MspDeInit.dma_handle), (96 bytes).
    Removing stm32746g_discovery_eeprom.o(.text), (0 bytes).
    Removing stm32746g_discovery_eeprom.o(.text.BSP_EEPROM_Init), (80 bytes).
    Removing stm32746g_discovery_eeprom.o(.ARM.exidx.text.BSP_EEPROM_Init), (8 bytes).
    Removing stm32746g_discovery_eeprom.o(.text.BSP_EEPROM_DeInit), (4 bytes).
    Removing stm32746g_discovery_eeprom.o(.ARM.exidx.text.BSP_EEPROM_DeInit), (8 bytes).
    Removing stm32746g_discovery_eeprom.o(.text.BSP_EEPROM_ReadBuffer), (80 bytes).
    Removing stm32746g_discovery_eeprom.o(.ARM.exidx.text.BSP_EEPROM_ReadBuffer), (8 bytes).
    Removing stm32746g_discovery_eeprom.o(.text.BSP_EEPROM_TIMEOUT_UserCallback), (2 bytes).
    Removing stm32746g_discovery_eeprom.o(.ARM.exidx.text.BSP_EEPROM_TIMEOUT_UserCallback), (8 bytes).
    Removing stm32746g_discovery_eeprom.o(.text.BSP_EEPROM_WritePage), (98 bytes).
    Removing stm32746g_discovery_eeprom.o(.ARM.exidx.text.BSP_EEPROM_WritePage), (8 bytes).
    Removing stm32746g_discovery_eeprom.o(.text.BSP_EEPROM_WaitEepromStandbyState), (48 bytes).
    Removing stm32746g_discovery_eeprom.o(.ARM.exidx.text.BSP_EEPROM_WaitEepromStandbyState), (8 bytes).
    Removing stm32746g_discovery_eeprom.o(.text.BSP_EEPROM_WriteBuffer), (648 bytes).
    Removing stm32746g_discovery_eeprom.o(.ARM.exidx.text.BSP_EEPROM_WriteBuffer), (8 bytes).
    Removing stm32746g_discovery_eeprom.o(.bss.EEPROMAddress), (2 bytes).
    Removing stm32746g_discovery_eeprom.o(.bss.EEPROMDataRead), (2 bytes).
    Removing stm32746g_discovery_eeprom.o(.bss.EEPROMDataWrite), (1 bytes).

3742 unused section(s) (total 328281 bytes) removed from the image.

==============================================================================

Image Symbol Table

    Local Symbols

    Symbol Name                              Value     Ov Type        Size  Object(Section)

    ../clib/microlib/division.c              0x00000000   Number         0  uldiv.o ABSOLUTE
    ../clib/microlib/init/entry.s            0x00000000   Number         0  entry.o ABSOLUTE
    ../clib/microlib/init/entry.s            0x00000000   Number         0  entry2.o ABSOLUTE
    ../clib/microlib/init/entry.s            0x00000000   Number         0  entry5.o ABSOLUTE
    ../clib/microlib/init/entry.s            0x00000000   Number         0  entry7a.o ABSOLUTE
    ../clib/microlib/init/entry.s            0x00000000   Number         0  entry7b.o ABSOLUTE
    ../clib/microlib/init/entry.s            0x00000000   Number         0  entry8a.o ABSOLUTE
    ../clib/microlib/init/entry.s            0x00000000   Number         0  entry8b.o ABSOLUTE
    ../clib/microlib/init/entry.s            0x00000000   Number         0  entry9a.o ABSOLUTE
    ../clib/microlib/init/entry.s            0x00000000   Number         0  entry9b.o ABSOLUTE
    ../clib/microlib/init/entry.s            0x00000000   Number         0  entry10a.o ABSOLUTE
    ../clib/microlib/init/entry.s            0x00000000   Number         0  entry10b.o ABSOLUTE
    ../clib/microlib/init/entry.s            0x00000000   Number         0  entry11a.o ABSOLUTE
    ../clib/microlib/init/entry.s            0x00000000   Number         0  entry11b.o ABSOLUTE
    ../clib/microlib/longlong.c              0x00000000   Number         0  llshl.o ABSOLUTE
    ../clib/microlib/longlong.c              0x00000000   Number         0  llushr.o ABSOLUTE
    dc.s                                     0x00000000   Number         0  dc.o ABSOLUTE
    ft5336.c                                 0x00000000   Number         0  ft5336.o ABSOLUTE
    handlers.s                               0x00000000   Number         0  handlers.o ABSOLUTE
    init.s                                   0x00000000   Number         0  init.o ABSOLUTE
    main.c                                   0x00000000   Number         0  main.o ABSOLUTE
    ov9655.c                                 0x00000000   Number         0  ov9655.o ABSOLUTE
    startup_stm32f746xx.s                    0x00000000   Number         0  startup_stm32f746xx.o ABSOLUTE
    stm32746g_discovery.c                    0x00000000   Number         0  stm32746g_discovery.o ABSOLUTE
    stm32746g_discovery_audio.c              0x00000000   Number         0  stm32746g_discovery_audio.o ABSOLUTE
    stm32746g_discovery_camera.c             0x00000000   Number         0  stm32746g_discovery_camera.o ABSOLUTE
    stm32746g_discovery_eeprom.c             0x00000000   Number         0  stm32746g_discovery_eeprom.o ABSOLUTE
    stm32746g_discovery_lcd.c                0x00000000   Number         0  stm32746g_discovery_lcd.o ABSOLUTE
    stm32746g_discovery_qspi.c               0x00000000   Number         0  stm32746g_discovery_qspi.o ABSOLUTE
    stm32746g_discovery_sdram.c              0x00000000   Number         0  stm32746g_discovery_sdram.o ABSOLUTE
    stm32746g_discovery_ts.c                 0x00000000   Number         0  stm32746g_discovery_ts.o ABSOLUTE
    stm32f7xx_hal.c                          0x00000000   Number         0  stm32f7xx_hal.o ABSOLUTE
    stm32f7xx_hal_adc.c                      0x00000000   Number         0  stm32f7xx_hal_adc.o ABSOLUTE
    stm32f7xx_hal_adc_ex.c                   0x00000000   Number         0  stm32f7xx_hal_adc_ex.o ABSOLUTE
    stm32f7xx_hal_can.c                      0x00000000   Number         0  stm32f7xx_hal_can.o ABSOLUTE
    stm32f7xx_hal_cec.c                      0x00000000   Number         0  stm32f7xx_hal_cec.o ABSOLUTE
    stm32f7xx_hal_cortex.c                   0x00000000   Number         0  stm32f7xx_hal_cortex.o ABSOLUTE
    stm32f7xx_hal_crc.c                      0x00000000   Number         0  stm32f7xx_hal_crc.o ABSOLUTE
    stm32f7xx_hal_crc_ex.c                   0x00000000   Number         0  stm32f7xx_hal_crc_ex.o ABSOLUTE
    stm32f7xx_hal_cryp.c                     0x00000000   Number         0  stm32f7xx_hal_cryp.o ABSOLUTE
    stm32f7xx_hal_cryp_ex.c                  0x00000000   Number         0  stm32f7xx_hal_cryp_ex.o ABSOLUTE
    stm32f7xx_hal_dac.c                      0x00000000   Number         0  stm32f7xx_hal_dac.o ABSOLUTE
    stm32f7xx_hal_dac_ex.c                   0x00000000   Number         0  stm32f7xx_hal_dac_ex.o ABSOLUTE
    stm32f7xx_hal_dcmi.c                     0x00000000   Number         0  stm32f7xx_hal_dcmi.o ABSOLUTE
    stm32f7xx_hal_dma.c                      0x00000000   Number         0  stm32f7xx_hal_dma.o ABSOLUTE
    stm32f7xx_hal_dma2d.c                    0x00000000   Number         0  stm32f7xx_hal_dma2d.o ABSOLUTE
    stm32f7xx_hal_dma_ex.c                   0x00000000   Number         0  stm32f7xx_hal_dma_ex.o ABSOLUTE
    stm32f7xx_hal_eth.c                      0x00000000   Number         0  stm32f7xx_hal_eth.o ABSOLUTE
    stm32f7xx_hal_exti.c                     0x00000000   Number         0  stm32f7xx_hal_exti.o ABSOLUTE
    stm32f7xx_hal_flash.c                    0x00000000   Number         0  stm32f7xx_hal_flash.o ABSOLUTE
    stm32f7xx_hal_flash_ex.c                 0x00000000   Number         0  stm32f7xx_hal_flash_ex.o ABSOLUTE
    stm32f7xx_hal_gpio.c                     0x00000000   Number         0  stm32f7xx_hal_gpio.o ABSOLUTE
    stm32f7xx_hal_hash.c                     0x00000000   Number         0  stm32f7xx_hal_hash.o ABSOLUTE
    stm32f7xx_hal_hash_ex.c                  0x00000000   Number         0  stm32f7xx_hal_hash_ex.o ABSOLUTE
    stm32f7xx_hal_hcd.c                      0x00000000   Number         0  stm32f7xx_hal_hcd.o ABSOLUTE
    stm32f7xx_hal_i2c.c                      0x00000000   Number         0  stm32f7xx_hal_i2c.o ABSOLUTE
    stm32f7xx_hal_i2c_ex.c                   0x00000000   Number         0  stm32f7xx_hal_i2c_ex.o ABSOLUTE
    stm32f7xx_hal_i2s.c                      0x00000000   Number         0  stm32f7xx_hal_i2s.o ABSOLUTE
    stm32f7xx_hal_irda.c                     0x00000000   Number         0  stm32f7xx_hal_irda.o ABSOLUTE
    stm32f7xx_hal_iwdg.c                     0x00000000   Number         0  stm32f7xx_hal_iwdg.o ABSOLUTE
    stm32f7xx_hal_lptim.c                    0x00000000   Number         0  stm32f7xx_hal_lptim.o ABSOLUTE
    stm32f7xx_hal_ltdc.c                     0x00000000   Number         0  stm32f7xx_hal_ltdc.o ABSOLUTE
    stm32f7xx_hal_nand.c                     0x00000000   Number         0  stm32f7xx_hal_nand.o ABSOLUTE
    stm32f7xx_hal_nor.c                      0x00000000   Number         0  stm32f7xx_hal_nor.o ABSOLUTE
    stm32f7xx_hal_pcd.c                      0x00000000   Number         0  stm32f7xx_hal_pcd.o ABSOLUTE
    stm32f7xx_hal_pcd_ex.c                   0x00000000   Number         0  stm32f7xx_hal_pcd_ex.o ABSOLUTE
    stm32f7xx_hal_pwr.c                      0x00000000   Number         0  stm32f7xx_hal_pwr.o ABSOLUTE
    stm32f7xx_hal_pwr_ex.c                   0x00000000   Number         0  stm32f7xx_hal_pwr_ex.o ABSOLUTE
    stm32f7xx_hal_qspi.c                     0x00000000   Number         0  stm32f7xx_hal_qspi.o ABSOLUTE
    stm32f7xx_hal_rcc.c                      0x00000000   Number         0  stm32f7xx_hal_rcc.o ABSOLUTE
    stm32f7xx_hal_rcc_ex.c                   0x00000000   Number         0  stm32f7xx_hal_rcc_ex.o ABSOLUTE
    stm32f7xx_hal_rng.c                      0x00000000   Number         0  stm32f7xx_hal_rng.o ABSOLUTE
    stm32f7xx_hal_rtc.c                      0x00000000   Number         0  stm32f7xx_hal_rtc.o ABSOLUTE
    stm32f7xx_hal_rtc_ex.c                   0x00000000   Number         0  stm32f7xx_hal_rtc_ex.o ABSOLUTE
    stm32f7xx_hal_sai.c                      0x00000000   Number         0  stm32f7xx_hal_sai.o ABSOLUTE
    stm32f7xx_hal_sai_ex.c                   0x00000000   Number         0  stm32f7xx_hal_sai_ex.o ABSOLUTE
    stm32f7xx_hal_sd.c                       0x00000000   Number         0  stm32f7xx_hal_sd.o ABSOLUTE
    stm32f7xx_hal_sdram.c                    0x00000000   Number         0  stm32f7xx_hal_sdram.o ABSOLUTE
    stm32f7xx_hal_smartcard.c                0x00000000   Number         0  stm32f7xx_hal_smartcard.o ABSOLUTE
    stm32f7xx_hal_smartcard_ex.c             0x00000000   Number         0  stm32f7xx_hal_smartcard_ex.o ABSOLUTE
    stm32f7xx_hal_spdifrx.c                  0x00000000   Number         0  stm32f7xx_hal_spdifrx.o ABSOLUTE
    stm32f7xx_hal_spi.c                      0x00000000   Number         0  stm32f7xx_hal_spi.o ABSOLUTE
    stm32f7xx_hal_sram.c                     0x00000000   Number         0  stm32f7xx_hal_sram.o ABSOLUTE
    stm32f7xx_hal_tim.c                      0x00000000   Number         0  stm32f7xx_hal_tim.o ABSOLUTE
    stm32f7xx_hal_tim_ex.c                   0x00000000   Number         0  stm32f7xx_hal_tim_ex.o ABSOLUTE
    stm32f7xx_hal_uart.c                     0x00000000   Number         0  stm32f7xx_hal_uart.o ABSOLUTE
    stm32f7xx_hal_usart.c                    0x00000000   Number         0  stm32f7xx_hal_usart.o ABSOLUTE
    stm32f7xx_hal_wwdg.c                     0x00000000   Number         0  stm32f7xx_hal_wwdg.o ABSOLUTE
    stm32f7xx_it.c                           0x00000000   Number         0  stm32f7xx_it.o ABSOLUTE
    stm32f7xx_ll_fmc.c                       0x00000000   Number         0  stm32f7xx_ll_fmc.o ABSOLUTE
    stm32f7xx_ll_sdmmc.c                     0x00000000   Number         0  stm32f7xx_ll_sdmmc.o ABSOLUTE
    stm32f7xx_ll_usb.c                       0x00000000   Number         0  stm32f7xx_ll_usb.o ABSOLUTE
    system_stm32f7xx.c                       0x00000000   Number         0  system_stm32f7xx.o ABSOLUTE
    wm8994.c                                 0x00000000   Number         0  wm8994.o ABSOLUTE
    RESET                                    0x08000000   Section      456  startup_stm32f746xx.o(RESET)
    .ARM.Collect$$$$00000000                 0x080001c8   Section        0  entry.o(.ARM.Collect$$$$00000000)
    .ARM.Collect$$$$00000001                 0x080001c8   Section        4  entry2.o(.ARM.Collect$$$$00000001)
    .ARM.Collect$$$$00000004                 0x080001cc   Section        4  entry5.o(.ARM.Collect$$$$00000004)
    .ARM.Collect$$$$00000008                 0x080001d0   Section        0  entry7b.o(.ARM.Collect$$$$00000008)
    .ARM.Collect$$$$0000000A                 0x080001d0   Section        0  entry8b.o(.ARM.Collect$$$$0000000A)
    .ARM.Collect$$$$0000000B                 0x080001d0   Section        8  entry9a.o(.ARM.Collect$$$$0000000B)
    __lit__00000000                          0x080001d8   Data           4  entry2.o(.ARM.Collect$$$$00002712)
    .ARM.Collect$$$$0000000D                 0x080001d8   Section        0  entry10a.o(.ARM.Collect$$$$0000000D)
    .ARM.Collect$$$$0000000F                 0x080001d8   Section        0  entry11a.o(.ARM.Collect$$$$0000000F)
    .ARM.Collect$$$$00002712                 0x080001d8   Section        4  entry2.o(.ARM.Collect$$$$00002712)
    $v0                                      0x080001dc   Number         0  startup_stm32f746xx.o(.text)
    .text                                    0x080001dc   Section       36  startup_stm32f746xx.o(.text)
    .text                                    0x08000200   Section        0  uldiv.o(.text)
    .text                                    0x08000262   Section        0  llshl.o(.text)
    .text                                    0x08000280   Section        0  llushr.o(.text)
    .text                                    0x080002a0   Section       48  init.o(.text)
    [Anonymous Symbol]                       0x080002d0   Section        0  stm32746g_discovery.o(.text.BSP_LED_Init)
    [Anonymous Symbol]                       0x08000348   Section        0  stm32746g_discovery.o(.text.BSP_LED_Toggle)
    [Anonymous Symbol]                       0x08000380   Section        0  stm32f7xx_it.o(.text.BusFault_Handler)
    CPU_CACHE_Enable                         0x08000389   Thumb Code   222  main.o(.text.CPU_CACHE_Enable)
    [Anonymous Symbol]                       0x08000388   Section        0  main.o(.text.CPU_CACHE_Enable)
    [Anonymous Symbol]                       0x08000468   Section        0  stm32f7xx_it.o(.text.DebugMon_Handler)
    Error_Handler                            0x08000471   Thumb Code     4  main.o(.text.Error_Handler)
    [Anonymous Symbol]                       0x08000470   Section        0  main.o(.text.Error_Handler)
    [Anonymous Symbol]                       0x08000478   Section        0  stm32f7xx_hal.o(.text.HAL_Delay)
    [Anonymous Symbol]                       0x080004c0   Section        0  stm32f7xx_hal_gpio.o(.text.HAL_GPIO_Init)
    [Anonymous Symbol]                       0x080008b0   Section        0  stm32f7xx_hal_gpio.o(.text.HAL_GPIO_TogglePin)
    [Anonymous Symbol]                       0x080008d8   Section        0  stm32f7xx_hal_gpio.o(.text.HAL_GPIO_WritePin)
    [Anonymous Symbol]                       0x08000908   Section        0  stm32f7xx_hal.o(.text.HAL_GetTick)
    [Anonymous Symbol]                       0x08000918   Section        0  stm32f7xx_hal.o(.text.HAL_IncTick)
    [Anonymous Symbol]                       0x08000938   Section        0  stm32f7xx_hal.o(.text.HAL_Init)
    [Anonymous Symbol]                       0x08000960   Section        0  stm32f7xx_hal.o(.text.HAL_InitTick)
    [Anonymous Symbol]                       0x080009d0   Section        0  stm32f7xx_hal_cortex.o(.text.HAL_MPU_ConfigRegion)
    [Anonymous Symbol]                       0x08000a70   Section        0  stm32f7xx_hal_cortex.o(.text.HAL_MPU_Disable)
    [Anonymous Symbol]                       0x08000a98   Section        0  stm32f7xx_hal_cortex.o(.text.HAL_MPU_Enable)
    [Anonymous Symbol]                       0x08000ac8   Section        0  stm32f7xx_hal.o(.text.HAL_MspInit)
    [Anonymous Symbol]                       0x08000ad0   Section        0  stm32f7xx_hal_cortex.o(.text.HAL_NVIC_SetPriority)
    [Anonymous Symbol]                       0x08000b08   Section        0  stm32f7xx_hal_cortex.o(.text.HAL_NVIC_SetPriorityGrouping)
    [Anonymous Symbol]                       0x08000b18   Section        0  stm32f7xx_hal_pwr_ex.o(.text.HAL_PWREx_EnableOverDrive)
    [Anonymous Symbol]                       0x08000be0   Section        0  stm32f7xx_hal_rcc.o(.text.HAL_RCC_ClockConfig)
    [Anonymous Symbol]                       0x08000e50   Section        0  stm32f7xx_hal_rcc.o(.text.HAL_RCC_GetSysClockFreq)
    [Anonymous Symbol]                       0x08000f38   Section        0  stm32f7xx_hal_rcc.o(.text.HAL_RCC_OscConfig)
    [Anonymous Symbol]                       0x08001650   Section        0  stm32f7xx_hal_cortex.o(.text.HAL_SYSTICK_Config)
    [Anonymous Symbol]                       0x08001660   Section        0  stm32f7xx_it.o(.text.HardFault_Handler)
    MPU_Config                               0x08001669   Thumb Code    74  main.o(.text.MPU_Config)
    [Anonymous Symbol]                       0x08001668   Section        0  main.o(.text.MPU_Config)
    [Anonymous Symbol]                       0x080016b8   Section        0  stm32f7xx_it.o(.text.MemManage_Handler)
    [Anonymous Symbol]                       0x080016c0   Section        0  stm32f7xx_it.o(.text.NMI_Handler)
    NVIC_EncodePriority                      0x080016c9   Thumb Code   108  stm32f7xx_hal_cortex.o(.text.NVIC_EncodePriority)
    [Anonymous Symbol]                       0x080016c8   Section        0  stm32f7xx_hal_cortex.o(.text.NVIC_EncodePriority)
    [Anonymous Symbol]                       0x08001738   Section        0  stm32f7xx_it.o(.text.PendSV_Handler)
    [Anonymous Symbol]                       0x08001740   Section        0  stm32f7xx_it.o(.text.SVC_Handler)
    SysTick_Config                           0x08001749   Thumb Code    82  stm32f7xx_hal_cortex.o(.text.SysTick_Config)
    [Anonymous Symbol]                       0x08001748   Section        0  stm32f7xx_hal_cortex.o(.text.SysTick_Config)
    [Anonymous Symbol]                       0x080017a0   Section        0  stm32f7xx_it.o(.text.SysTick_Handler)
    SystemClock_Config                       0x080017a9   Thumb Code   120  main.o(.text.SystemClock_Config)
    [Anonymous Symbol]                       0x080017a8   Section        0  main.o(.text.SystemClock_Config)
    [Anonymous Symbol]                       0x08001820   Section        0  system_stm32f7xx.o(.text.SystemInit)
    [Anonymous Symbol]                       0x08001890   Section        0  stm32f7xx_it.o(.text.UsageFault_Handler)
    __NVIC_GetPriorityGrouping               0x08001899   Thumb Code    16  stm32f7xx_hal_cortex.o(.text.__NVIC_GetPriorityGrouping)
    [Anonymous Symbol]                       0x08001898   Section        0  stm32f7xx_hal_cortex.o(.text.__NVIC_GetPriorityGrouping)
    __NVIC_SetPriority                       0x080018a9   Thumb Code    66  stm32f7xx_hal_cortex.o(.text.__NVIC_SetPriority)
    [Anonymous Symbol]                       0x080018a8   Section        0  stm32f7xx_hal_cortex.o(.text.__NVIC_SetPriority)
    __NVIC_SetPriorityGrouping               0x080018f1   Thumb Code    60  stm32f7xx_hal_cortex.o(.text.__NVIC_SetPriorityGrouping)
    [Anonymous Symbol]                       0x080018f0   Section        0  stm32f7xx_hal_cortex.o(.text.__NVIC_SetPriorityGrouping)
    [Anonymous Symbol]                       0x08001930   Section        0  main.o(.text.main)
    i.__scatterload_copy                     0x08001962   Section       14  handlers.o(i.__scatterload_copy)
    i.__scatterload_null                     0x08001970   Section        2  handlers.o(i.__scatterload_null)
    i.__scatterload_zeroinit                 0x08001972   Section       14  handlers.o(i.__scatterload_zeroinit)
    STACK                                    0x20000018   Section     1024  startup_stm32f746xx.o(STACK)

    Global Symbols

    Symbol Name                              Value     Ov Type        Size  Object(Section)

    BuildAttributes$$THM_ISAv4$E$P$D$K$B$S$7EM$VFPi5$EXTD16$VFPS$VFMA$PE$PLD8$A:L22UL41UL21$X:L11$S22US41US21$IEEE1$IW$~IW$USESV6$~STKCKD$USESV7$~SHL$OSPACE$EBA8$MICROLIB$REQ8$PRES8$EABIv2 0x00000000   Number         0  anon$$obj.o ABSOLUTE
    __cpp_initialize__aeabi_                  - Undefined Weak Reference
    __cxa_finalize                            - Undefined Weak Reference
    __decompress                              - Undefined Weak Reference
    _clock_init                               - Undefined Weak Reference
    _microlib_exit                            - Undefined Weak Reference
    __Vectors_Size                           0x000001c8   Number         0  startup_stm32f746xx.o ABSOLUTE
    __Vectors                                0x08000000   Data           4  startup_stm32f746xx.o(RESET)
    __Vectors_End                            0x080001c8   Data           0  startup_stm32f746xx.o(RESET)
    __main                                   0x080001c9   Thumb Code     0  entry.o(.ARM.Collect$$$$00000000)
    _main_stk                                0x080001c9   Thumb Code     0  entry2.o(.ARM.Collect$$$$00000001)
    _main_scatterload                        0x080001cd   Thumb Code     0  entry5.o(.ARM.Collect$$$$00000004)
    __main_after_scatterload                 0x080001d1   Thumb Code     0  entry5.o(.ARM.Collect$$$$00000004)
    _main_clock                              0x080001d1   Thumb Code     0  entry7b.o(.ARM.Collect$$$$00000008)
    _main_cpp_init                           0x080001d1   Thumb Code     0  entry8b.o(.ARM.Collect$$$$0000000A)
    _main_init                               0x080001d1   Thumb Code     0  entry9a.o(.ARM.Collect$$$$0000000B)
    __rt_final_cpp                           0x080001d9   Thumb Code     0  entry10a.o(.ARM.Collect$$$$0000000D)
    __rt_final_exit                          0x080001d9   Thumb Code     0  entry11a.o(.ARM.Collect$$$$0000000F)
    Reset_Handler                            0x080001dd   Thumb Code     8  startup_stm32f746xx.o(.text)
    ADC_IRQHandler                           0x080001f7   Thumb Code     0  startup_stm32f746xx.o(.text)
    CAN1_RX0_IRQHandler                      0x080001f7   Thumb Code     0  startup_stm32f746xx.o(.text)
    CAN1_RX1_IRQHandler                      0x080001f7   Thumb Code     0  startup_stm32f746xx.o(.text)
    CAN1_SCE_IRQHandler                      0x080001f7   Thumb Code     0  startup_stm32f746xx.o(.text)
    CAN1_TX_IRQHandler                       0x080001f7   Thumb Code     0  startup_stm32f746xx.o(.text)
    CAN2_RX0_IRQHandler                      0x080001f7   Thumb Code     0  startup_stm32f746xx.o(.text)
    CAN2_RX1_IRQHandler                      0x080001f7   Thumb Code     0  startup_stm32f746xx.o(.text)
    CAN2_SCE_IRQHandler                      0x080001f7   Thumb Code     0  startup_stm32f746xx.o(.text)
    CAN2_TX_IRQHandler                       0x080001f7   Thumb Code     0  startup_stm32f746xx.o(.text)
    CEC_IRQHandler                           0x080001f7   Thumb Code     0  startup_stm32f746xx.o(.text)
    DCMI_IRQHandler                          0x080001f7   Thumb Code     0  startup_stm32f746xx.o(.text)
    DMA1_Stream0_IRQHandler                  0x080001f7   Thumb Code     0  startup_stm32f746xx.o(.text)
    DMA1_Stream1_IRQHandler                  0x080001f7   Thumb Code     0  startup_stm32f746xx.o(.text)
    DMA1_Stream2_IRQHandler                  0x080001f7   Thumb Code     0  startup_stm32f746xx.o(.text)
    DMA1_Stream3_IRQHandler                  0x080001f7   Thumb Code     0  startup_stm32f746xx.o(.text)
    DMA1_Stream4_IRQHandler                  0x080001f7   Thumb Code     0  startup_stm32f746xx.o(.text)
    DMA1_Stream5_IRQHandler                  0x080001f7   Thumb Code     0  startup_stm32f746xx.o(.text)
    DMA1_Stream6_IRQHandler                  0x080001f7   Thumb Code     0  startup_stm32f746xx.o(.text)
    DMA1_Stream7_IRQHandler                  0x080001f7   Thumb Code     0  startup_stm32f746xx.o(.text)
    DMA2D_IRQHandler                         0x080001f7   Thumb Code     0  startup_stm32f746xx.o(.text)
    DMA2_Stream0_IRQHandler                  0x080001f7   Thumb Code     0  startup_stm32f746xx.o(.text)
    DMA2_Stream1_IRQHandler                  0x080001f7   Thumb Code     0  startup_stm32f746xx.o(.text)
    DMA2_Stream2_IRQHandler                  0x080001f7   Thumb Code     0  startup_stm32f746xx.o(.text)
    DMA2_Stream3_IRQHandler                  0x080001f7   Thumb Code     0  startup_stm32f746xx.o(.text)
    DMA2_Stream4_IRQHandler                  0x080001f7   Thumb Code     0  startup_stm32f746xx.o(.text)
    DMA2_Stream5_IRQHandler                  0x080001f7   Thumb Code     0  startup_stm32f746xx.o(.text)
    DMA2_Stream6_IRQHandler                  0x080001f7   Thumb Code     0  startup_stm32f746xx.o(.text)
    DMA2_Stream7_IRQHandler                  0x080001f7   Thumb Code     0  startup_stm32f746xx.o(.text)
    ETH_IRQHandler                           0x080001f7   Thumb Code     0  startup_stm32f746xx.o(.text)
    ETH_WKUP_IRQHandler                      0x080001f7   Thumb Code     0  startup_stm32f746xx.o(.text)
    EXTI0_IRQHandler                         0x080001f7   Thumb Code     0  startup_stm32f746xx.o(.text)
    EXTI15_10_IRQHandler                     0x080001f7   Thumb Code     0  startup_stm32f746xx.o(.text)
    EXTI1_IRQHandler                         0x080001f7   Thumb Code     0  startup_stm32f746xx.o(.text)
    EXTI2_IRQHandler                         0x080001f7   Thumb Code     0  startup_stm32f746xx.o(.text)
    EXTI3_IRQHandler                         0x080001f7   Thumb Code     0  startup_stm32f746xx.o(.text)
    EXTI4_IRQHandler                         0x080001f7   Thumb Code     0  startup_stm32f746xx.o(.text)
    EXTI9_5_IRQHandler                       0x080001f7   Thumb Code     0  startup_stm32f746xx.o(.text)
    FLASH_IRQHandler                         0x080001f7   Thumb Code     0  startup_stm32f746xx.o(.text)
    FMC_IRQHandler                           0x080001f7   Thumb Code     0  startup_stm32f746xx.o(.text)
    FPU_IRQHandler                           0x080001f7   Thumb Code     0  startup_stm32f746xx.o(.text)
    I2C1_ER_IRQHandler                       0x080001f7   Thumb Code     0  startup_stm32f746xx.o(.text)
    I2C1_EV_IRQHandler                       0x080001f7   Thumb Code     0  startup_stm32f746xx.o(.text)
    I2C2_ER_IRQHandler                       0x080001f7   Thumb Code     0  startup_stm32f746xx.o(.text)
    I2C2_EV_IRQHandler                       0x080001f7   Thumb Code     0  startup_stm32f746xx.o(.text)
    I2C3_ER_IRQHandler                       0x080001f7   Thumb Code     0  startup_stm32f746xx.o(.text)
    I2C3_EV_IRQHandler                       0x080001f7   Thumb Code     0  startup_stm32f746xx.o(.text)
    I2C4_ER_IRQHandler                       0x080001f7   Thumb Code     0  startup_stm32f746xx.o(.text)
    I2C4_EV_IRQHandler                       0x080001f7   Thumb Code     0  startup_stm32f746xx.o(.text)
    LPTIM1_IRQHandler                        0x080001f7   Thumb Code     0  startup_stm32f746xx.o(.text)
    LTDC_ER_IRQHandler                       0x080001f7   Thumb Code     0  startup_stm32f746xx.o(.text)
    LTDC_IRQHandler                          0x080001f7   Thumb Code     0  startup_stm32f746xx.o(.text)
    OTG_FS_IRQHandler                        0x080001f7   Thumb Code     0  startup_stm32f746xx.o(.text)
    OTG_FS_WKUP_IRQHandler                   0x080001f7   Thumb Code     0  startup_stm32f746xx.o(.text)
    OTG_HS_EP1_IN_IRQHandler                 0x080001f7   Thumb Code     0  startup_stm32f746xx.o(.text)
    OTG_HS_EP1_OUT_IRQHandler                0x080001f7   Thumb Code     0  startup_stm32f746xx.o(.text)
    OTG_HS_IRQHandler                        0x080001f7   Thumb Code     0  startup_stm32f746xx.o(.text)
    OTG_HS_WKUP_IRQHandler                   0x080001f7   Thumb Code     0  startup_stm32f746xx.o(.text)
    PVD_IRQHandler                           0x080001f7   Thumb Code     0  startup_stm32f746xx.o(.text)
    QUADSPI_IRQHandler                       0x080001f7   Thumb Code     0  startup_stm32f746xx.o(.text)
    RCC_IRQHandler                           0x080001f7   Thumb Code     0  startup_stm32f746xx.o(.text)
    RNG_IRQHandler                           0x080001f7   Thumb Code     0  startup_stm32f746xx.o(.text)
    RTC_Alarm_IRQHandler                     0x080001f7   Thumb Code     0  startup_stm32f746xx.o(.text)
    RTC_WKUP_IRQHandler                      0x080001f7   Thumb Code     0  startup_stm32f746xx.o(.text)
    SAI1_IRQHandler                          0x080001f7   Thumb Code     0  startup_stm32f746xx.o(.text)
    SAI2_IRQHandler                          0x080001f7   Thumb Code     0  startup_stm32f746xx.o(.text)
    SDMMC1_IRQHandler                        0x080001f7   Thumb Code     0  startup_stm32f746xx.o(.text)
    SPDIF_RX_IRQHandler                      0x080001f7   Thumb Code     0  startup_stm32f746xx.o(.text)
    SPI1_IRQHandler                          0x080001f7   Thumb Code     0  startup_stm32f746xx.o(.text)
    SPI2_IRQHandler                          0x080001f7   Thumb Code     0  startup_stm32f746xx.o(.text)
    SPI3_IRQHandler                          0x080001f7   Thumb Code     0  startup_stm32f746xx.o(.text)
    SPI4_IRQHandler                          0x080001f7   Thumb Code     0  startup_stm32f746xx.o(.text)
    SPI5_IRQHandler                          0x080001f7   Thumb Code     0  startup_stm32f746xx.o(.text)
    SPI6_IRQHandler                          0x080001f7   Thumb Code     0  startup_stm32f746xx.o(.text)
    TAMP_STAMP_IRQHandler                    0x080001f7   Thumb Code     0  startup_stm32f746xx.o(.text)
    TIM1_BRK_TIM9_IRQHandler                 0x080001f7   Thumb Code     0  startup_stm32f746xx.o(.text)
    TIM1_CC_IRQHandler                       0x080001f7   Thumb Code     0  startup_stm32f746xx.o(.text)
    TIM1_TRG_COM_TIM11_IRQHandler            0x080001f7   Thumb Code     0  startup_stm32f746xx.o(.text)
    TIM1_UP_TIM10_IRQHandler                 0x080001f7   Thumb Code     0  startup_stm32f746xx.o(.text)
    TIM2_IRQHandler                          0x080001f7   Thumb Code     0  startup_stm32f746xx.o(.text)
    TIM3_IRQHandler                          0x080001f7   Thumb Code     0  startup_stm32f746xx.o(.text)
    TIM4_IRQHandler                          0x080001f7   Thumb Code     0  startup_stm32f746xx.o(.text)
    TIM5_IRQHandler                          0x080001f7   Thumb Code     0  startup_stm32f746xx.o(.text)
    TIM6_DAC_IRQHandler                      0x080001f7   Thumb Code     0  startup_stm32f746xx.o(.text)
    TIM7_IRQHandler                          0x080001f7   Thumb Code     0  startup_stm32f746xx.o(.text)
    TIM8_BRK_TIM12_IRQHandler                0x080001f7   Thumb Code     0  startup_stm32f746xx.o(.text)
    TIM8_CC_IRQHandler                       0x080001f7   Thumb Code     0  startup_stm32f746xx.o(.text)
    TIM8_TRG_COM_TIM14_IRQHandler            0x080001f7   Thumb Code     0  startup_stm32f746xx.o(.text)
    TIM8_UP_TIM13_IRQHandler                 0x080001f7   Thumb Code     0  startup_stm32f746xx.o(.text)
    UART4_IRQHandler                         0x080001f7   Thumb Code     0  startup_stm32f746xx.o(.text)
    UART5_IRQHandler                         0x080001f7   Thumb Code     0  startup_stm32f746xx.o(.text)
    UART7_IRQHandler                         0x080001f7   Thumb Code     0  startup_stm32f746xx.o(.text)
    UART8_IRQHandler                         0x080001f7   Thumb Code     0  startup_stm32f746xx.o(.text)
    USART1_IRQHandler                        0x080001f7   Thumb Code     0  startup_stm32f746xx.o(.text)
    USART2_IRQHandler                        0x080001f7   Thumb Code     0  startup_stm32f746xx.o(.text)
    USART3_IRQHandler                        0x080001f7   Thumb Code     0  startup_stm32f746xx.o(.text)
    USART6_IRQHandler                        0x080001f7   Thumb Code     0  startup_stm32f746xx.o(.text)
    WWDG_IRQHandler                          0x080001f7   Thumb Code     0  startup_stm32f746xx.o(.text)
    __aeabi_uldivmod                         0x08000201   Thumb Code    98  uldiv.o(.text)
    __aeabi_llsl                             0x08000263   Thumb Code    30  llshl.o(.text)
    _ll_shift_l                              0x08000263   Thumb Code     0  llshl.o(.text)
    __aeabi_llsr                             0x08000281   Thumb Code    32  llushr.o(.text)
    _ll_ushift_r                             0x08000281   Thumb Code     0  llushr.o(.text)
    __scatterload                            0x080002a1   Thumb Code    38  init.o(.text)
    __scatterload_rt2                        0x080002a1   Thumb Code     0  init.o(.text)
    BSP_LED_Init                             0x080002d1   Thumb Code   118  stm32746g_discovery.o(.text.BSP_LED_Init)
    BSP_LED_Toggle                           0x08000349   Thumb Code    54  stm32746g_discovery.o(.text.BSP_LED_Toggle)
    BusFault_Handler                         0x08000381   Thumb Code     4  stm32f7xx_it.o(.text.BusFault_Handler)
    DebugMon_Handler                         0x08000469   Thumb Code     2  stm32f7xx_it.o(.text.DebugMon_Handler)
    HAL_Delay                                0x08000479   Thumb Code    66  stm32f7xx_hal.o(.text.HAL_Delay)
    HAL_GPIO_Init                            0x080004c1   Thumb Code  1004  stm32f7xx_hal_gpio.o(.text.HAL_GPIO_Init)
    HAL_GPIO_TogglePin                       0x080008b1   Thumb Code    38  stm32f7xx_hal_gpio.o(.text.HAL_GPIO_TogglePin)
    HAL_GPIO_WritePin                        0x080008d9   Thumb Code    46  stm32f7xx_hal_gpio.o(.text.HAL_GPIO_WritePin)
    HAL_GetTick                              0x08000909   Thumb Code    12  stm32f7xx_hal.o(.text.HAL_GetTick)
    HAL_IncTick                              0x08000919   Thumb Code    26  stm32f7xx_hal.o(.text.HAL_IncTick)
    HAL_Init                                 0x08000939   Thumb Code    38  stm32f7xx_hal.o(.text.HAL_Init)
    HAL_InitTick                             0x08000961   Thumb Code   112  stm32f7xx_hal.o(.text.HAL_InitTick)
    HAL_MPU_ConfigRegion                     0x080009d1   Thumb Code   158  stm32f7xx_hal_cortex.o(.text.HAL_MPU_ConfigRegion)
    HAL_MPU_Disable                          0x08000a71   Thumb Code    34  stm32f7xx_hal_cortex.o(.text.HAL_MPU_Disable)
    HAL_MPU_Enable                           0x08000a99   Thumb Code    48  stm32f7xx_hal_cortex.o(.text.HAL_MPU_Enable)
    HAL_MspInit                              0x08000ac9   Thumb Code     2  stm32f7xx_hal.o(.text.HAL_MspInit)
    HAL_NVIC_SetPriority                     0x08000ad1   Thumb Code    50  stm32f7xx_hal_cortex.o(.text.HAL_NVIC_SetPriority)
    HAL_NVIC_SetPriorityGrouping             0x08000b09   Thumb Code    16  stm32f7xx_hal_cortex.o(.text.HAL_NVIC_SetPriorityGrouping)
    HAL_PWREx_EnableOverDrive                0x08000b19   Thumb Code   198  stm32f7xx_hal_pwr_ex.o(.text.HAL_PWREx_EnableOverDrive)
    HAL_RCC_ClockConfig                      0x08000be1   Thumb Code   620  stm32f7xx_hal_rcc.o(.text.HAL_RCC_ClockConfig)
    HAL_RCC_GetSysClockFreq                  0x08000e51   Thumb Code   230  stm32f7xx_hal_rcc.o(.text.HAL_RCC_GetSysClockFreq)
    HAL_RCC_OscConfig                        0x08000f39   Thumb Code  1816  stm32f7xx_hal_rcc.o(.text.HAL_RCC_OscConfig)
    HAL_SYSTICK_Config                       0x08001651   Thumb Code    16  stm32f7xx_hal_cortex.o(.text.HAL_SYSTICK_Config)
    HardFault_Handler                        0x08001661   Thumb Code     4  stm32f7xx_it.o(.text.HardFault_Handler)
    MemManage_Handler                        0x080016b9   Thumb Code     4  stm32f7xx_it.o(.text.MemManage_Handler)
    NMI_Handler                              0x080016c1   Thumb Code     2  stm32f7xx_it.o(.text.NMI_Handler)
    PendSV_Handler                           0x08001739   Thumb Code     2  stm32f7xx_it.o(.text.PendSV_Handler)
    SVC_Handler                              0x08001741   Thumb Code     2  stm32f7xx_it.o(.text.SVC_Handler)
    SysTick_Handler                          0x080017a1   Thumb Code     8  stm32f7xx_it.o(.text.SysTick_Handler)
    SystemInit                               0x08001821   Thumb Code   110  system_stm32f7xx.o(.text.SystemInit)
    UsageFault_Handler                       0x08001891   Thumb Code     4  stm32f7xx_it.o(.text.UsageFault_Handler)
    main                                     0x08001931   Thumb Code    50  main.o(.text.main)
    __scatterload_copy                       0x08001963   Thumb Code    14  handlers.o(i.__scatterload_copy)
    __scatterload_null                       0x08001971   Thumb Code     2  handlers.o(i.__scatterload_null)
    __scatterload_zeroinit                   0x08001973   Thumb Code    14  handlers.o(i.__scatterload_zeroinit)
    AHBPrescTable                            0x08001980   Data          16  system_stm32f7xx.o(.rodata.AHBPrescTable)
    GPIO_PIN                                 0x08001990   Data           4  stm32746g_discovery.o(.rodata.GPIO_PIN)
    Region$$Table$$Base                      0x08001994   Number         0  anon$$obj.o(Region$$Table)
    Region$$Table$$Limit                     0x080019b4   Number         0  anon$$obj.o(Region$$Table)
    SystemCoreClock                          0x20000000   Data           4  system_stm32f7xx.o(.data.SystemCoreClock)
    uwTickFreq                               0x20000004   Data           1  stm32f7xx_hal.o(.data.uwTickFreq)
    uwTickPrio                               0x20000008   Data           4  stm32f7xx_hal.o(.data.uwTickPrio)
    uwTick                                   0x20000010   Data           4  stm32f7xx_hal.o(.bss.uwTick)
    __initial_sp                             0x20000418   Data           0  startup_stm32f746xx.o(STACK)



==============================================================================

Memory Map of the image

  Image Entry point : 0x080001c9

  Load Region LR_IROM1 (Base: 0x08000000, Size: 0x000019c8, Max: 0x00100000, ABSOLUTE)

    Execution Region ER_IROM1 (Exec base: 0x08000000, Load base: 0x08000000, Size: 0x000019b4, Max: 0x00100000, ABSOLUTE)

    Exec Addr    Load Addr    Size         Type   Attr      Idx    E Section Name        Object

    0x08000000   0x08000000   0x000001c8   Data   RO           99    RESET               startup_stm32f746xx.o
    0x080001c8   0x080001c8   0x00000000   Code   RO         4212  * .ARM.Collect$$$$00000000  mc_w.l(entry.o)
    0x080001c8   0x080001c8   0x00000004   Code   RO         4217    .ARM.Collect$$$$00000001  mc_w.l(entry2.o)
    0x080001cc   0x080001cc   0x00000004   Code   RO         4220    .ARM.Collect$$$$00000004  mc_w.l(entry5.o)
    0x080001d0   0x080001d0   0x00000000   Code   RO         4222    .ARM.Collect$$$$00000008  mc_w.l(entry7b.o)
    0x080001d0   0x080001d0   0x00000000   Code   RO         4224    .ARM.Collect$$$$0000000A  mc_w.l(entry8b.o)
    0x080001d0   0x080001d0   0x00000008   Code   RO         4225    .ARM.Collect$$$$0000000B  mc_w.l(entry9a.o)
    0x080001d8   0x080001d8   0x00000000   Code   RO         4227    .ARM.Collect$$$$0000000D  mc_w.l(entry10a.o)
    0x080001d8   0x080001d8   0x00000000   Code   RO         4229    .ARM.Collect$$$$0000000F  mc_w.l(entry11a.o)
    0x080001d8   0x080001d8   0x00000004   Code   RO         4218    .ARM.Collect$$$$00002712  mc_w.l(entry2.o)
    0x080001dc   0x080001dc   0x00000024   Code   RO          100    .text               startup_stm32f746xx.o
    0x08000200   0x08000200   0x00000062   Code   RO         4215    .text               mc_w.l(uldiv.o)
    0x08000262   0x08000262   0x0000001e   Code   RO         4231    .text               mc_w.l(llshl.o)
    0x08000280   0x08000280   0x00000020   Code   RO         4233    .text               mc_w.l(llushr.o)
    0x080002a0   0x080002a0   0x00000030   Code   RO         4235    .text               mc_w.l(init.o)
    0x080002d0   0x080002d0   0x00000076   Code   RO         3876    .text.BSP_LED_Init  stm32746g_discovery.o
    0x08000346   0x08000346   0x00000002   PAD
    0x08000348   0x08000348   0x00000036   Code   RO         3884    .text.BSP_LED_Toggle  stm32746g_discovery.o
    0x0800037e   0x0800037e   0x00000002   PAD
    0x08000380   0x08000380   0x00000004   Code   RO         3659    .text.BusFault_Handler  stm32f7xx_it.o
    0x08000384   0x08000384   0x00000004   PAD
    0x08000388   0x08000388   0x000000de   Code   RO         3682    .text.CPU_CACHE_Enable  main.o
    0x08000466   0x08000466   0x00000002   PAD
    0x08000468   0x08000468   0x00000002   Code   RO         3665    .text.DebugMon_Handler  stm32f7xx_it.o
    0x0800046a   0x0800046a   0x00000006   PAD
    0x08000470   0x08000470   0x00000004   Code   RO         3686    .text.Error_Handler  main.o
    0x08000474   0x08000474   0x00000004   PAD
    0x08000478   0x08000478   0x00000042   Code   RO         2321    .text.HAL_Delay     stm32f7xx_hal.o
    0x080004ba   0x080004ba   0x00000006   PAD
    0x080004c0   0x080004c0   0x000003ec   Code   RO          614    .text.HAL_GPIO_Init  stm32f7xx_hal_gpio.o
    0x080008ac   0x080008ac   0x00000004   PAD
    0x080008b0   0x080008b0   0x00000026   Code   RO          622    .text.HAL_GPIO_TogglePin  stm32f7xx_hal_gpio.o
    0x080008d6   0x080008d6   0x00000002   PAD
    0x080008d8   0x080008d8   0x0000002e   Code   RO          620    .text.HAL_GPIO_WritePin  stm32f7xx_hal_gpio.o
    0x08000906   0x08000906   0x00000002   PAD
    0x08000908   0x08000908   0x0000000c   Code   RO         2313    .text.HAL_GetTick   stm32f7xx_hal.o
    0x08000914   0x08000914   0x00000004   PAD
    0x08000918   0x08000918   0x0000001a   Code   RO         2311    .text.HAL_IncTick   stm32f7xx_hal.o
    0x08000932   0x08000932   0x00000006   PAD
    0x08000938   0x08000938   0x00000026   Code   RO         2301    .text.HAL_Init      stm32f7xx_hal.o
    0x0800095e   0x0800095e   0x00000002   PAD
    0x08000960   0x08000960   0x00000070   Code   RO         2303    .text.HAL_InitTick  stm32f7xx_hal.o
    0x080009d0   0x080009d0   0x0000009e   Code   RO         2801    .text.HAL_MPU_ConfigRegion  stm32f7xx_hal_cortex.o
    0x08000a6e   0x08000a6e   0x00000002   PAD
    0x08000a70   0x08000a70   0x00000022   Code   RO         2797    .text.HAL_MPU_Disable  stm32f7xx_hal_cortex.o
    0x08000a92   0x08000a92   0x00000006   PAD
    0x08000a98   0x08000a98   0x00000030   Code   RO         2799    .text.HAL_MPU_Enable  stm32f7xx_hal_cortex.o
    0x08000ac8   0x08000ac8   0x00000002   Code   RO         2305    .text.HAL_MspInit   stm32f7xx_hal.o
    0x08000aca   0x08000aca   0x00000006   PAD
    0x08000ad0   0x08000ad0   0x00000032   Code   RO         2773    .text.HAL_NVIC_SetPriority  stm32f7xx_hal_cortex.o
    0x08000b02   0x08000b02   0x00000006   PAD
    0x08000b08   0x08000b08   0x00000010   Code   RO         2769    .text.HAL_NVIC_SetPriorityGrouping  stm32f7xx_hal_cortex.o
    0x08000b18   0x08000b18   0x000000c6   Code   RO         2258    .text.HAL_PWREx_EnableOverDrive  stm32f7xx_hal_pwr_ex.o
    0x08000bde   0x08000bde   0x00000002   PAD
    0x08000be0   0x08000be0   0x0000026c   Code   RO         3510    .text.HAL_RCC_ClockConfig  stm32f7xx_hal_rcc.o
    0x08000e4c   0x08000e4c   0x00000004   PAD
    0x08000e50   0x08000e50   0x000000e6   Code   RO         3512    .text.HAL_RCC_GetSysClockFreq  stm32f7xx_hal_rcc.o
    0x08000f36   0x08000f36   0x00000002   PAD
    0x08000f38   0x08000f38   0x00000718   Code   RO         3508    .text.HAL_RCC_OscConfig  stm32f7xx_hal_rcc.o
    0x08001650   0x08001650   0x00000010   Code   RO         2793    .text.HAL_SYSTICK_Config  stm32f7xx_hal_cortex.o
    0x08001660   0x08001660   0x00000004   Code   RO         3655    .text.HardFault_Handler  stm32f7xx_it.o
    0x08001664   0x08001664   0x00000004   PAD
    0x08001668   0x08001668   0x0000004a   Code   RO         3680    .text.MPU_Config    main.o
    0x080016b2   0x080016b2   0x00000006   PAD
    0x080016b8   0x080016b8   0x00000004   Code   RO         3657    .text.MemManage_Handler  stm32f7xx_it.o
    0x080016bc   0x080016bc   0x00000004   PAD
    0x080016c0   0x080016c0   0x00000002   Code   RO         3653    .text.NMI_Handler   stm32f7xx_it.o
    0x080016c2   0x080016c2   0x00000006   PAD
    0x080016c8   0x080016c8   0x0000006c   Code   RO         2779    .text.NVIC_EncodePriority  stm32f7xx_hal_cortex.o
    0x08001734   0x08001734   0x00000004   PAD
    0x08001738   0x08001738   0x00000002   Code   RO         3667    .text.PendSV_Handler  stm32f7xx_it.o
    0x0800173a   0x0800173a   0x00000006   PAD
    0x08001740   0x08001740   0x00000002   Code   RO         3663    .text.SVC_Handler   stm32f7xx_it.o
    0x08001742   0x08001742   0x00000006   PAD
    0x08001748   0x08001748   0x00000052   Code   RO         2795    .text.SysTick_Config  stm32f7xx_hal_cortex.o
    0x0800179a   0x0800179a   0x00000006   PAD
    0x080017a0   0x080017a0   0x00000008   Code   RO         3669    .text.SysTick_Handler  stm32f7xx_it.o
    0x080017a8   0x080017a8   0x00000078   Code   RO         3684    .text.SystemClock_Config  main.o
    0x08001820   0x08001820   0x0000006e   Code   RO         3696    .text.SystemInit    system_stm32f7xx.o
    0x0800188e   0x0800188e   0x00000002   PAD
    0x08001890   0x08001890   0x00000004   Code   RO         3661    .text.UsageFault_Handler  stm32f7xx_it.o
    0x08001894   0x08001894   0x00000004   PAD
    0x08001898   0x08001898   0x00000010   Code   RO         2775    .text.__NVIC_GetPriorityGrouping  stm32f7xx_hal_cortex.o
    0x080018a8   0x080018a8   0x00000042   Code   RO         2777    .text.__NVIC_SetPriority  stm32f7xx_hal_cortex.o
    0x080018ea   0x080018ea   0x00000006   PAD
    0x080018f0   0x080018f0   0x0000003c   Code   RO         2771    .text.__NVIC_SetPriorityGrouping  stm32f7xx_hal_cortex.o
    0x0800192c   0x0800192c   0x00000004   PAD
    0x08001930   0x08001930   0x00000032   Code   RO         3678    .text.main          main.o
    0x08001962   0x08001962   0x0000000e   Code   RO         4239    i.__scatterload_copy  mc_w.l(handlers.o)
    0x08001970   0x08001970   0x00000002   Code   RO         4240    i.__scatterload_null  mc_w.l(handlers.o)
    0x08001972   0x08001972   0x0000000e   Code   RO         4241    i.__scatterload_zeroinit  mc_w.l(handlers.o)
    0x08001980   0x08001980   0x00000010   Data   RO         3701    .rodata.AHBPrescTable  system_stm32f7xx.o
    0x08001990   0x08001990   0x00000004   Data   RO         3942    .rodata.GPIO_PIN    stm32746g_discovery.o
    0x08001994   0x08001994   0x00000020   Data   RO         4238    Region$$Table       anon$$obj.o


    Execution Region RW_IRAM1 (Exec base: 0x20000000, Load base: 0x080019b8, Size: 0x00000418, Max: 0x00050000, ABSOLUTE)

    Exec Addr    Load Addr    Size         Type   Attr      Idx    E Section Name        Object

    0x20000000   0x080019b8   0x00000004   Data   RW         3700    .data.SystemCoreClock  system_stm32f7xx.o
    0x20000004   0x080019bc   0x00000001   Data   RW         2360    .data.uwTickFreq    stm32f7xx_hal.o
    0x20000005   0x080019bd   0x00000003   PAD
    0x20000008   0x080019c0   0x00000004   Data   RW         2359    .data.uwTickPrio    stm32f7xx_hal.o
    0x2000000c   0x080019c4   0x00000004   PAD
    0x20000010        -       0x00000004   Zero   RW         2361    .bss.uwTick         stm32f7xx_hal.o
    0x20000014   0x080019c4   0x00000004   PAD
    0x20000018        -       0x00000400   Zero   RW           97    STACK               startup_stm32f746xx.o


==============================================================================

Image component sizes


      Code (inc. data)   RO Data    RW Data    ZI Data      Debug   Object Name

       470          0          0          0          0       4346   main.o
        36          8        456          0       1024        928   startup_stm32f746xx.o
       172          0          4          0          0      15454   stm32746g_discovery.o
       256          0          0          5          4       7954   stm32f7xx_hal.o
       654          0          0          0          0      10614   stm32f7xx_hal_cortex.o
      1088          0          0          0          0       5349   stm32f7xx_hal_gpio.o
       198          0          0          0          0       5883   stm32f7xx_hal_pwr_ex.o
      2666          0          0          0          0       8187   stm32f7xx_hal_rcc.o
        32          0          0          0          0       1091   stm32f7xx_it.o
       110          0         16          4          0       3455   system_stm32f7xx.o

    ----------------------------------------------------------------------
      5814          8        508         12       1036      63261   Object Totals
         0          0         32          0          0          0   (incl. Generated)
       132          0          0          3          8          0   (incl. Padding)

    ----------------------------------------------------------------------

      Code (inc. data)   RO Data    RW Data    ZI Data      Debug   Library Member Name

         0          0          0          0          0          0   entry.o
         0          0          0          0          0          0   entry10a.o
         0          0          0          0          0          0   entry11a.o
         8          4          0          0          0          0   entry2.o
         4          0          0          0          0          0   entry5.o
         0          0          0          0          0          0   entry7b.o
         0          0          0          0          0          0   entry8b.o
         8          4          0          0          0          0   entry9a.o
        30          0          0          0          0          0   handlers.o
        48         10          0          0          0         68   init.o
        30          0          0          0          0         68   llshl.o
        32          0          0          0          0         68   llushr.o
        98          0          0          0          0         92   uldiv.o

    ----------------------------------------------------------------------
       258         18          0          0          0        296   Library Totals
         0          0          0          0          0          0   (incl. Padding)

    ----------------------------------------------------------------------

      Code (inc. data)   RO Data    RW Data    ZI Data      Debug   Library Name

       258         18          0          0          0        296   mc_w.l

    ----------------------------------------------------------------------
       258         18          0          0          0        296   Library Totals

    ----------------------------------------------------------------------

==============================================================================


      Code (inc. data)   RO Data    RW Data    ZI Data      Debug   

      6072         26        508         12       1036      63549   Grand Totals
      6072         26        508         12       1036      63549   ELF Image Totals
      6072         26        508         12          0          0   ROM Totals

==============================================================================

    Total RO  Size (Code + RO Data)                 6580 (   6.43kB)
    Total RW  Size (RW Data + ZI Data)              1048 (   1.02kB)
    Total ROM Size (Code + RO Data + RW Data)       6592 (   6.44kB)

==============================================================================

